################################################################################
#                                                                              #
#      IAR Universal Linker V6.5.1.95                                          #
#                                                                              #
#           Link time     =  17/Sep/2018  16:01:03                             #
#           Target CPU    =  MSP430                                            #
#           List file     =  "G:\MSP430_and_F150_Textbook\附件目录\4.实验代码\ #
#                            实验5 卡尔曼滤波\Debug\List\msp430_drone_fmu.map" #
#           Output file 1 =  "G:\MSP430_and_F150_Textbook\附件目录\4.实验代码\ #
#                            实验5 卡尔曼滤波\Debug\Exe\msp430_drone_fmu.d43"  #
#                            Format: ubrof10                                   #
#                            UBROF version 10.0.6                              #
#                            Using library modules for C-SPY (-rt)             #
#           Command line  =  -f                                                #
#                            C:\Users\Yanzinan\AppData\Local\Temp\EW60B9.tmp   #
#                            ("G:\MSP430_and_F150_Textbook\附件目录\4.实验代码 #
#                            \实验5 卡尔曼滤波\Debug\Obj\adc10_a.r43"          #
#                            "G:\MSP430_and_F150_Textbook\附件目录\4.实验代码\ #
#                            实验5 卡尔曼滤波\Debug\Obj\adc12_a.r43"           #
#                            "G:\MSP430_and_F150_Textbook\附件目录\4.实验代码\ #
#                            实验5 卡尔曼滤波\Debug\Obj\aes.r43"               #
#                            "G:\MSP430_and_F150_Textbook\附件目录\4.实验代码\ #
#                            实验5 卡尔曼滤波\Debug\Obj\battbak.r43"           #
#                            "G:\MSP430_and_F150_Textbook\附件目录\4.实验代码\ #
#                            实验5 卡尔曼滤波\Debug\Obj\board.r43"             #
#                            "G:\MSP430_and_F150_Textbook\附件目录\4.实验代码\ #
#                            实验5 卡尔曼滤波\Debug\Obj\comp_b.r43"            #
#                            "G:\MSP430_and_F150_Textbook\附件目录\4.实验代码\ #
#                            实验5 卡尔曼滤波\Debug\Obj\crc.r43"               #
#                            "G:\MSP430_and_F150_Textbook\附件目录\4.实验代码\ #
#                            实验5 卡尔曼滤波\Debug\Obj\ctsd16.r43"            #
#                            "G:\MSP430_and_F150_Textbook\附件目录\4.实验代码\ #
#                            实验5 卡尔曼滤波\Debug\Obj\dac12_a.r43"           #
#                            "G:\MSP430_and_F150_Textbook\附件目录\4.实验代码\ #
#                            实验5 卡尔曼滤波\Debug\Obj\data_filter.r43"       #
#                            "G:\MSP430_and_F150_Textbook\附件目录\4.实验代码\ #
#                            实验5 卡尔曼滤波\Debug\Obj\data_type.r43"         #
#                            "G:\MSP430_and_F150_Textbook\附件目录\4.实验代码\ #
#                            实验5 卡尔曼滤波\Debug\Obj\dbg.r43"               #
#                            "G:\MSP430_and_F150_Textbook\附件目录\4.实验代码\ #
#                            实验5 卡尔曼滤波\Debug\Obj\dma.r43"               #
#                            "G:\MSP430_and_F150_Textbook\附件目录\4.实验代码\ #
#                            实验5 卡尔曼滤波\Debug\Obj\eusci_a_spi.r43"       #
#                            "G:\MSP430_and_F150_Textbook\附件目录\4.实验代码\ #
#                            实验5 卡尔曼滤波\Debug\Obj\eusci_a_uart.r43"      #
#                            "G:\MSP430_and_F150_Textbook\附件目录\4.实验代码\ #
#                            实验5 卡尔曼滤波\Debug\Obj\eusci_b_i2c.r43"       #
#                            "G:\MSP430_and_F150_Textbook\附件目录\4.实验代码\ #
#                            实验5 卡尔曼滤波\Debug\Obj\eusci_b_spi.r43"       #
#                            "G:\MSP430_and_F150_Textbook\附件目录\4.实验代码\ #
#                            实验5 卡尔曼滤波\Debug\Obj\flashctl.r43"          #
#                            "G:\MSP430_and_F150_Textbook\附件目录\4.实验代码\ #
#                            实验5 卡尔曼滤波\Debug\Obj\gpio.r43"              #
#                            "G:\MSP430_and_F150_Textbook\附件目录\4.实验代码\ #
#                            实验5 卡尔曼滤波\Debug\Obj\iic.r43"               #
#                            "G:\MSP430_and_F150_Textbook\附件目录\4.实验代码\ #
#                            实验5 卡尔曼滤波\Debug\Obj\kalman.r43"            #
#                            "G:\MSP430_and_F150_Textbook\附件目录\4.实验代码\ #
#                            实验5 卡尔曼滤波\Debug\Obj\lcd_b.r43"             #
#                            "G:\MSP430_and_F150_Textbook\附件目录\4.实验代码\ #
#                            实验5 卡尔曼滤波\Debug\Obj\ldopwr.r43"            #
#                            "G:\MSP430_and_F150_Textbook\附件目录\4.实验代码\ #
#                            实验5 卡尔曼滤波\Debug\Obj\led.r43"               #
#                            "G:\MSP430_and_F150_Textbook\附件目录\4.实验代码\ #
#                            实验5 卡尔曼滤波\Debug\Obj\main.r43"              #
#                            "G:\MSP430_and_F150_Textbook\附件目录\4.实验代码\ #
#                            实验5 卡尔曼滤波\Debug\Obj\motor.r43"             #
#                            "G:\MSP430_and_F150_Textbook\附件目录\4.实验代码\ #
#                            实验5 卡尔曼滤波\Debug\Obj\mpu6050.r43"           #
#                            "G:\MSP430_and_F150_Textbook\附件目录\4.实验代码\ #
#                            实验5 卡尔曼滤波\Debug\Obj\mpy32.r43"             #
#                            "G:\MSP430_and_F150_Textbook\附件目录\4.实验代码\ #
#                            实验5 卡尔曼滤波\Debug\Obj\nrf24l01.r43"          #
#                            "G:\MSP430_and_F150_Textbook\附件目录\4.实验代码\ #
#                            实验5 卡尔曼滤波\Debug\Obj\oa.r43"                #
#                            "G:\MSP430_and_F150_Textbook\附件目录\4.实验代码\ #
#                            实验5 卡尔曼滤波\Debug\Obj\pmap.r43"              #
#                            "G:\MSP430_and_F150_Textbook\附件目录\4.实验代码\ #
#                            实验5 卡尔曼滤波\Debug\Obj\pmm.r43"               #
#                            "G:\MSP430_and_F150_Textbook\附件目录\4.实验代码\ #
#                            实验5 卡尔曼滤波\Debug\Obj\port_int.r43"          #
#                            "G:\MSP430_and_F150_Textbook\附件目录\4.实验代码\ #
#                            实验5 卡尔曼滤波\Debug\Obj\ram.r43"               #
#                            "G:\MSP430_and_F150_Textbook\附件目录\4.实验代码\ #
#                            实验5 卡尔曼滤波\Debug\Obj\ref.r43"               #
#                            "G:\MSP430_and_F150_Textbook\附件目录\4.实验代码\ #
#                            实验5 卡尔曼滤波\Debug\Obj\rtc_a.r43"             #
#                            "G:\MSP430_and_F150_Textbook\附件目录\4.实验代码\ #
#                            实验5 卡尔曼滤波\Debug\Obj\rtc_b.r43"             #
#                            "G:\MSP430_and_F150_Textbook\附件目录\4.实验代码\ #
#                            实验5 卡尔曼滤波\Debug\Obj\rtc_c.r43"             #
#                            "G:\MSP430_and_F150_Textbook\附件目录\4.实验代码\ #
#                            实验5 卡尔曼滤波\Debug\Obj\sd24_b.r43"            #
#                            "G:\MSP430_and_F150_Textbook\附件目录\4.实验代码\ #
#                            实验5 卡尔曼滤波\Debug\Obj\sfr.r43"               #
#                            "G:\MSP430_and_F150_Textbook\附件目录\4.实验代码\ #
#                            实验5 卡尔曼滤波\Debug\Obj\sysctl.r43"            #
#                            "G:\MSP430_and_F150_Textbook\附件目录\4.实验代码\ #
#                            实验5 卡尔曼滤波\Debug\Obj\tec.r43"               #
#                            "G:\MSP430_and_F150_Textbook\附件目录\4.实验代码\ #
#                            实验5 卡尔曼滤波\Debug\Obj\timer.r43"             #
#                            "G:\MSP430_and_F150_Textbook\附件目录\4.实验代码\ #
#                            实验5 卡尔曼滤波\Debug\Obj\timer_a.r43"           #
#                            "G:\MSP430_and_F150_Textbook\附件目录\4.实验代码\ #
#                            实验5 卡尔曼滤波\Debug\Obj\timer_b.r43"           #
#                            "G:\MSP430_and_F150_Textbook\附件目录\4.实验代码\ #
#                            实验5 卡尔曼滤波\Debug\Obj\timer_d.r43"           #
#                            "G:\MSP430_and_F150_Textbook\附件目录\4.实验代码\ #
#                            实验5 卡尔曼滤波\Debug\Obj\tlv.r43"               #
#                            "G:\MSP430_and_F150_Textbook\附件目录\4.实验代码\ #
#                            实验5 卡尔曼滤波\Debug\Obj\ucs.r43"               #
#                            "G:\MSP430_and_F150_Textbook\附件目录\4.实验代码\ #
#                            实验5 卡尔曼滤波\Debug\Obj\usart.r43"             #
#                            "G:\MSP430_and_F150_Textbook\附件目录\4.实验代码\ #
#                            实验5 卡尔曼滤波\Debug\Obj\usci_a_spi.r43"        #
#                            "G:\MSP430_and_F150_Textbook\附件目录\4.实验代码\ #
#                            实验5 卡尔曼滤波\Debug\Obj\usci_a_uart.r43"       #
#                            "G:\MSP430_and_F150_Textbook\附件目录\4.实验代码\ #
#                            实验5 卡尔曼滤波\Debug\Obj\usci_b_i2c.r43"        #
#                            "G:\MSP430_and_F150_Textbook\附件目录\4.实验代码\ #
#                            实验5 卡尔曼滤波\Debug\Obj\usci_b_spi.r43"        #
#                            "G:\MSP430_and_F150_Textbook\附件目录\4.实验代码\ #
#                            实验5 卡尔曼滤波\Debug\Obj\wdt_a.r43"             #
#                            -o                                                #
#                            "G:\MSP430_and_F150_Textbook\附件目录\4.实验代码\ #
#                            实验5 卡尔曼滤波\Debug\Exe\msp430_drone_fmu.d43"  #
#                            -l                                                #
#                            "G:\MSP430_and_F150_Textbook\附件目录\4.实验代码\ #
#                            实验5 卡尔曼滤波\Debug\List\msp430_drone_fmu.map" #
#                            -xms -IG:\IAR_For_MSP430\430\LIB\ -f              #
#                            G:\IAR_For_MSP430\430\config\linker\lnk430f5529.x #
#                            cl                                                #
#                            (-cmsp430 -D?CPU30_OFFSET=2 -QCODE_I=CODE_ID      #
#                            -QTLS16_I=TLS16_ID -D__iar_HWMUL=4C0              #
#                            -Z(CONST)INFO=1800-19FF                           #
#                            -Z(CONST)INFOA=1980-19FF                          #
#                            -Z(CONST)INFOB=1900-197F                          #
#                            -Z(CONST)INFOC=1880-18FF                          #
#                            -Z(CONST)INFOD=1800-187F                          #
#                            -Z(DATA)USBRAM=1C00-23FF                          #
#                            -Z(DATA)DATA16_I,DATA16_Z,DATA16_N,TLS16_I=2400-4 #
#                            3FF                                               #
#                            -Z(DATA)DATA16_HEAP+_DATA16_HEAP_SIZE             #
#                            -Z(DATA)CODE_I                                    #
#                            -Z(DATA)DATA20_I,DATA20_Z,DATA20_N,DATA20_HEAP+_D #
#                            ATA20_HEAP_SIZE                                   #
#                            -Z(DATA)CSTACK+_STACK_SIZE#                       #
#                            -Z(CONST)DATA16_C,DATA16_ID,TLS16_ID,DIFUNCT,CHEC #
#                            KSUM=4400-FF7F                                    #
#                            -Z(CODE)CSTART,ISR_CODE,CODE16=4400-FF7F          #
#                            -P(CODE)CODE=4400-FF7F,10000-243FF                #
#                            -Z(CONST)DATA20_C,DATA20_ID,CODE_ID=4400-FF7F,100 #
#                            40-243FF                                          #
#                            -Z(CODE)INTVEC=FF80-FFFF                          #
#                            -Z(CODE)RESET=FFFE-FFFF) -f                       #
#                            G:\IAR_For_MSP430\430\config\linker\multiplier32. #
#                            xcl                                               #
#                            (-e?Mul8Hw=?Mul8 -e?Mul16Hw=?Mul16                #
#                            -e?Mul16to32uHw=?Mul16to32u                       #
#                            -e?Mul16to32sHw=?Mul16to32s -e?Mul32Hw32=?Mul32   #
#                            -e?Mul64Hw32=_Mul64i                              #
#                            -e?Mul32u32uto64iHw32=_Mul32u32uto64i             #
#                            -e?Mul32fHw32=_Mul32f                             #
#                            -e_Mul64fHw32Ptr=_Mul64fPtr) -D_STACK_SIZE=A0     #
#                            -rt                                               #
#                            G:\IAR_For_MSP430\430\lib\dlib\dl430xlsfn.r43     #
#                            -e_PrintfLarge=_Printf -e_ScanfLarge=_Scanf       #
#                            -D_DATA16_HEAP_SIZE=A0 -s __program_start         #
#                            -D_DATA20_HEAP_SIZE=50)                           #
#                                                                              #
#                           Copyright (C) 1987-2016 IAR Systems AB.            #
################################################################################





                ****************************************
                *                                      *
                *           CROSS REFERENCE            *
                *                                      *
                ****************************************

       Program entry at :           4798  Relocatable, from module : ?cstart




                ****************************************
                *                                      *
                *            RUNTIME MODEL             *
                *                                      *
                ****************************************

  __Heap_Handler             = Basic
  __SystemLibrary            = DLib
  __code_model               = large
  __core                     = 430X
  __data_model               = small
  __dlib_file_descriptor     = 0
  __dlib_full_locale_support = 0
  __double_size              = 32
  __pic                      = no
  __reg_r4                   = free
  __reg_r5                   = free
  __rt_version               = 3

                ****************************************
                *                                      *
                *    AUTOMATIC SYMBOL REDIRECTIONS     *
                *                                      *
                ****************************************

                  There are no automatic symbol redirections.



                ****************************************
                *                                      *
                *              MODULE MAP              *
                *                                      *
                ****************************************


  DEFINED ABSOLUTE ENTRIES
    *************************************************************************

  DEFINED ABSOLUTE ENTRIES
  PROGRAM MODULE, NAME : ?ABS_ENTRY_MOD

Absolute parts
           ENTRY                   ADDRESS         REF BY
           =====                   =======         ======
           _DATA20_HEAP_SIZE       0050 
           _DATA16_HEAP_SIZE       00A0 
           _STACK_SIZE             00A0 
           __iar_HWMUL             04C0            ?Mul32fHw32 (?Mul32fHw32)
                                                   privateUCSSourceClockFromDCO (ucs)
           ?CPU30_OFFSET           0002 
    *************************************************************************

  FILE NAME : G:\MSP430_and_F150_Textbook\附件目录\4.实验代码\实验5 卡尔曼滤波\Debug\Obj\adc10_a.r43
    *************************************************************************

  FILE NAME : G:\MSP430_and_F150_Textbook\附件目录\4.实验代码\实验5 卡尔曼滤波\Debug\Obj\adc12_a.r43
    *************************************************************************

  FILE NAME : G:\MSP430_and_F150_Textbook\附件目录\4.实验代码\实验5 卡尔曼滤波\Debug\Obj\aes.r43
    *************************************************************************

  FILE NAME : G:\MSP430_and_F150_Textbook\附件目录\4.实验代码\实验5 卡尔曼滤波\Debug\Obj\battbak.r43
    *************************************************************************

  FILE NAME : G:\MSP430_and_F150_Textbook\附件目录\4.实验代码\实验5 卡尔曼滤波\Debug\Obj\board.r43
  PROGRAM MODULE, NAME : board

  SEGMENTS IN THE MODULE
  ======================
DATA16_Z
  Relative segment, address: 2778 - 277F (0x8 bytes), align: 1
  Segment part 2.             Intra module refs:   System_Clock_Init
           LOCAL                   ADDRESS         
           =====                   =======         
           Clk_ACLK                2778 
    -------------------------------------------------------------------------
DATA16_Z
  Relative segment, address: 2780 - 2787 (0x8 bytes), align: 1
  Segment part 3.             Intra module refs:   System_Clock_Init
           LOCAL                   ADDRESS         
           =====                   =======         
           Clk_SMCLK               2780 
    -------------------------------------------------------------------------
DATA16_Z
  Relative segment, address: 2788 - 278F (0x8 bytes), align: 1
  Segment part 4.             Intra module refs:   System_Clock_Init
           LOCAL                   ADDRESS         
           =====                   =======         
           Clk_MCLK                2788 
    -------------------------------------------------------------------------
<CODE> 1 (was CODE)
  Relative segment, address: 5376 - 546D (0xf8 bytes), align: 1
  Segment part 5.
           ENTRY                   ADDRESS         REF BY
           =====                   =======         ======
           System_Clock_Init       5376            main (main)
               calls direct

    *************************************************************************

  FILE NAME : G:\MSP430_and_F150_Textbook\附件目录\4.实验代码\实验5 卡尔曼滤波\Debug\Obj\comp_b.r43
    *************************************************************************

  FILE NAME : G:\MSP430_and_F150_Textbook\附件目录\4.实验代码\实验5 卡尔曼滤波\Debug\Obj\crc.r43
    *************************************************************************

  FILE NAME : G:\MSP430_and_F150_Textbook\附件目录\4.实验代码\实验5 卡尔曼滤波\Debug\Obj\ctsd16.r43
    *************************************************************************

  FILE NAME : G:\MSP430_and_F150_Textbook\附件目录\4.实验代码\实验5 卡尔曼滤波\Debug\Obj\dac12_a.r43
    *************************************************************************

  FILE NAME : G:\MSP430_and_F150_Textbook\附件目录\4.实验代码\实验5 卡尔曼滤波\Debug\Obj\data_filter.r43
    *************************************************************************

  FILE NAME : G:\MSP430_and_F150_Textbook\附件目录\4.实验代码\实验5 卡尔曼滤波\Debug\Obj\data_type.r43
    *************************************************************************

  FILE NAME : G:\MSP430_and_F150_Textbook\附件目录\4.实验代码\实验5 卡尔曼滤波\Debug\Obj\dbg.r43
    *************************************************************************

  FILE NAME : G:\MSP430_and_F150_Textbook\附件目录\4.实验代码\实验5 卡尔曼滤波\Debug\Obj\dma.r43
    *************************************************************************

  FILE NAME : G:\MSP430_and_F150_Textbook\附件目录\4.实验代码\实验5 卡尔曼滤波\Debug\Obj\eusci_a_spi.r43
    *************************************************************************

  FILE NAME : G:\MSP430_and_F150_Textbook\附件目录\4.实验代码\实验5 卡尔曼滤波\Debug\Obj\eusci_a_uart.r43
    *************************************************************************

  FILE NAME : G:\MSP430_and_F150_Textbook\附件目录\4.实验代码\实验5 卡尔曼滤波\Debug\Obj\eusci_b_i2c.r43
    *************************************************************************

  FILE NAME : G:\MSP430_and_F150_Textbook\附件目录\4.实验代码\实验5 卡尔曼滤波\Debug\Obj\eusci_b_spi.r43
    *************************************************************************

  FILE NAME : G:\MSP430_and_F150_Textbook\附件目录\4.实验代码\实验5 卡尔曼滤波\Debug\Obj\flashctl.r43
    *************************************************************************

  FILE NAME : G:\MSP430_and_F150_Textbook\附件目录\4.实验代码\实验5 卡尔曼滤波\Debug\Obj\gpio.r43
  PROGRAM MODULE, NAME : gpio

  SEGMENTS IN THE MODULE
  ======================
DATA16_C
  Relative segment, address: 4400 - 441B (0x1c bytes), align: 1
  Segment part 2.             Intra module refs:   GPIO_setAsInputPin
                                                   GPIO_setAsPeripheralModuleFunctionInputPin
                                                   GPIO_setAsPeripheralModuleFunctionOutputPin
           LOCAL                   ADDRESS         
           =====                   =======         
           GPIO_PORT_TO_BASE       4400 
    -------------------------------------------------------------------------
<CODE> 1 (was CODE)
  Relative segment, address: 603A - 606F (0x36 bytes), align: 1
  Segment part 4.
           ENTRY                   ADDRESS         REF BY
           =====                   =======         ======
           GPIO_setAsInputPin      603A            MPU6050_Init (mpu6050)
    -------------------------------------------------------------------------
<CODE> 1 (was CODE)
  Relative segment, address: 6162 - 618D (0x2c bytes), align: 1
  Segment part 5.
           ENTRY                   ADDRESS         REF BY
           =====                   =======         ======
           GPIO_setAsPeripheralModuleFunctionOutputPin
                                   6162            System_Clock_Init (board)
                                                   U1_UCA0_Init (usart)
                                                   U2_UCA1_Init (usart)
    -------------------------------------------------------------------------
<CODE> 1 (was CODE)
  Relative segment, address: 6136 - 6161 (0x2c bytes), align: 1
  Segment part 6.
           ENTRY                   ADDRESS         REF BY
           =====                   =======         ======
           GPIO_setAsPeripheralModuleFunctionInputPin
                                   6136            IIC_Init (iic)
                                                   System_Clock_Init (board)
                                                   U1_UCA0_Init (usart)
                                                   U2_UCA1_Init (usart)

    *************************************************************************

  FILE NAME : G:\MSP430_and_F150_Textbook\附件目录\4.实验代码\实验5 卡尔曼滤波\Debug\Obj\iic.r43
  PROGRAM MODULE, NAME : iic

  SEGMENTS IN THE MODULE
  ======================
DATA16_I
  Relative segment, address: 2400 - 2403 (0x4 bytes), align: 1
  Segment part 2.             Intra module refs:   IIC_Init
                                                   IICreadBytes
                                                   IICwriteBytes
           LOCAL                   ADDRESS         
           =====                   =======         
           IIC_Delay_Cnt_Max       2400 
    -------------------------------------------------------------------------
<CODE> 1 (was CODE)
  Relative segment, address: 5166 - 5275 (0x110 bytes), align: 1
  Segment part 5.
           ENTRY                   ADDRESS         REF BY
           =====                   =======         ======
           IIC_Init                5166            MPU6050_Init (mpu6050)
               calls direct
    -------------------------------------------------------------------------
<CODE> 1 (was CODE)
  Relative segment, address: 5A10 - 5ABB (0xac bytes), align: 1
  Segment part 6.
           ENTRY                   ADDRESS         REF BY
           =====                   =======         ======
           IICreadBytes            5A10            MPU6050_Read_Accelerometer (mpu6050)
                                                   MPU6050_Read_Gyroscope (mpu6050)
               calls direct
    -------------------------------------------------------------------------
DATA16_Z
  Relative segment, address: 27B4 - 27B4 (0x1 bytes), align: 0
  Segment part 4.             Intra module refs:   IICreadBytes
           LOCAL                   ADDRESS         
           =====                   =======         
           IICreadBytes::cnt       27B4 
    -------------------------------------------------------------------------
<CODE> 1 (was CODE)
  Relative segment, address: 6238 - 6255 (0x1e bytes), align: 1
  Segment part 9.
           ENTRY                   ADDRESS         REF BY
           =====                   =======         ======
           IICwriteByte            6238            MPU6050_Init (mpu6050)
               calls direct
    -------------------------------------------------------------------------
<CODE> 1 (was CODE)
  Relative segment, address: 58A2 - 5959 (0xb8 bytes), align: 1
  Segment part 8.             Intra module refs:   IICwriteByte
           ENTRY                   ADDRESS         REF BY
           =====                   =======         ======
           IICwriteBytes           58A2 
               calls direct
    -------------------------------------------------------------------------
DATA16_ID
  Relative segment, address: 4420 - 4423 (0x4 bytes), align: 1
  Segment part 3.             Intra module refs:   IIC_Delay_Cnt_Max

    *************************************************************************

  FILE NAME : G:\MSP430_and_F150_Textbook\附件目录\4.实验代码\实验5 卡尔曼滤波\Debug\Obj\kalman.r43
  PROGRAM MODULE, NAME : kalman

  SEGMENTS IN THE MODULE
  ======================
<CODE> 1 (was CODE)
  Relative segment, address: 57E6 - 58A1 (0xbc bytes), align: 1
  Segment part 2.
           ENTRY                   ADDRESS         REF BY
           =====                   =======         ======
           kalman_1                57E6            main (main)
               calls direct

    *************************************************************************

  FILE NAME : G:\MSP430_and_F150_Textbook\附件目录\4.实验代码\实验5 卡尔曼滤波\Debug\Obj\lcd_b.r43
    *************************************************************************

  FILE NAME : G:\MSP430_and_F150_Textbook\附件目录\4.实验代码\实验5 卡尔曼滤波\Debug\Obj\ldopwr.r43
    *************************************************************************

  FILE NAME : G:\MSP430_and_F150_Textbook\附件目录\4.实验代码\实验5 卡尔曼滤波\Debug\Obj\led.r43
    *************************************************************************

  FILE NAME : G:\MSP430_and_F150_Textbook\附件目录\4.实验代码\实验5 卡尔曼滤波\Debug\Obj\main.r43
  PROGRAM MODULE, NAME : main

  SEGMENTS IN THE MODULE
  ======================
DATA16_I
  Relative segment, address: 2404 - 244B (0x48 bytes), align: 1
  Segment part 2.             Intra module refs:   main
           LOCAL                   ADDRESS         
           =====                   =======         
           ekf                     2404 
    -------------------------------------------------------------------------
DATA16_C
  Relative segment, address: 441C - 441F (0x4 bytes), align: 1
  Segment part 4.             Intra module refs:   main
           ENTRY                   ADDRESS         REF BY
           =====                   =======         ======
           factor                  441C 
    -------------------------------------------------------------------------
DATA16_Z
  Relative segment, address: 2790 - 279B (0xc bytes), align: 1
  Segment part 5.             Intra module refs:   main
           LOCAL                   ADDRESS         
           =====                   =======         
           tBuff                   2790 
    -------------------------------------------------------------------------
<CODE> 1 (was CODE)
  Relative segment, address: 4BA6 - 4CE9 (0x144 bytes), align: 1
  Segment part 6.
           ENTRY                   ADDRESS         REF BY
           =====                   =======         ======
           main                    4BA6            Segment part 27 (?cstart)
               calls direct
    -------------------------------------------------------------------------
DATA16_ID
  Relative segment, address: 4424 - 446B (0x48 bytes), align: 1
  Segment part 3.             Intra module refs:   ekf

    *************************************************************************

  FILE NAME : G:\MSP430_and_F150_Textbook\附件目录\4.实验代码\实验5 卡尔曼滤波\Debug\Obj\motor.r43
    *************************************************************************

  FILE NAME : G:\MSP430_and_F150_Textbook\附件目录\4.实验代码\实验5 卡尔曼滤波\Debug\Obj\mpu6050.r43
  PROGRAM MODULE, NAME : mpu6050

  SEGMENTS IN THE MODULE
  ======================
<CODE> 1 (was CODE)
  Relative segment, address: 5B4E - 5BD3 (0x86 bytes), align: 1
  Segment part 4.
           ENTRY                   ADDRESS         REF BY
           =====                   =======         ======
           MPU6050_Init            5B4E            main (main)
               calls direct
    -------------------------------------------------------------------------
<CODE> 1 (was CODE)
  Relative segment, address: 5CB6 - 5D19 (0x64 bytes), align: 1
  Segment part 5.
           ENTRY                   ADDRESS         REF BY
           =====                   =======         ======
           MPU6050_Read_Accelerometer
                                   5CB6            main (main)
               calls direct
    -------------------------------------------------------------------------
DATA16_Z
  Relative segment, address: 27B5 - 27BC (0x8 bytes), align: 0
  Segment part 2.             Intra module refs:   MPU6050_Read_Accelerometer
           LOCAL                   ADDRESS         
           =====                   =======         
           MPU6050_Read_Accelerometer::buf
                                   27B5 
    -------------------------------------------------------------------------
<CODE> 1 (was CODE)
  Relative segment, address: 5D1A - 5D7D (0x64 bytes), align: 1
  Segment part 6.
           ENTRY                   ADDRESS         REF BY
           =====                   =======         ======
           MPU6050_Read_Gyroscope
                                   5D1A            main (main)
               calls direct
    -------------------------------------------------------------------------
DATA16_Z
  Relative segment, address: 27BD - 27C4 (0x8 bytes), align: 0
  Segment part 3.             Intra module refs:   MPU6050_Read_Gyroscope
           LOCAL                   ADDRESS         
           =====                   =======         
           MPU6050_Read_Gyroscope::buf
                                   27BD 

    *************************************************************************

  FILE NAME : G:\MSP430_and_F150_Textbook\附件目录\4.实验代码\实验5 卡尔曼滤波\Debug\Obj\mpy32.r43
    *************************************************************************

  FILE NAME : G:\MSP430_and_F150_Textbook\附件目录\4.实验代码\实验5 卡尔曼滤波\Debug\Obj\nrf24l01.r43
    *************************************************************************

  FILE NAME : G:\MSP430_and_F150_Textbook\附件目录\4.实验代码\实验5 卡尔曼滤波\Debug\Obj\oa.r43
    *************************************************************************

  FILE NAME : G:\MSP430_and_F150_Textbook\附件目录\4.实验代码\实验5 卡尔曼滤波\Debug\Obj\pmap.r43
    *************************************************************************

  FILE NAME : G:\MSP430_and_F150_Textbook\附件目录\4.实验代码\实验5 卡尔曼滤波\Debug\Obj\pmm.r43
  PROGRAM MODULE, NAME : pmm

  SEGMENTS IN THE MODULE
  ======================
<CODE> 1 (was CODE)
  Relative segment, address: 546E - 5561 (0xf4 bytes), align: 1
  Segment part 33.            Intra module refs:   PMM_setVCore
           ENTRY                   ADDRESS         REF BY
           =====                   =======         ======
           PMM_setVCoreUp          546E 
    -------------------------------------------------------------------------
<CODE> 1 (was CODE)
  Relative segment, address: 595A - 5A0F (0xb6 bytes), align: 1
  Segment part 34.            Intra module refs:   PMM_setVCore
           ENTRY                   ADDRESS         REF BY
           =====                   =======         ======
           PMM_setVCoreDown        595A 
    -------------------------------------------------------------------------
<CODE> 1 (was CODE)
  Relative segment, address: 5E2E - 5E7B (0x4e bytes), align: 1
  Segment part 35.
           ENTRY                   ADDRESS         REF BY
           =====                   =======         ======
           PMM_setVCore            5E2E            System_Clock_Init (board)
               calls direct

    *************************************************************************

  FILE NAME : G:\MSP430_and_F150_Textbook\附件目录\4.实验代码\实验5 卡尔曼滤波\Debug\Obj\port_int.r43
  PROGRAM MODULE, NAME : port_int

  SEGMENTS IN THE MODULE
  ======================
ISR_CODE
  Relative segment, address: 47C0 - 47C1 (0x2 bytes), align: 1
  Segment part 4.             Intra module refs:   Port_1::??INTVEC 94
           ENTRY                   ADDRESS         REF BY
           =====                   =======         ======
           Port_1                  47C0 
               interrupt function
    -------------------------------------------------------------------------
ISR_CODE
  Relative segment, address: 47C2 - 47C3 (0x2 bytes), align: 1
  Segment part 5.             Intra module refs:   Port_2::??INTVEC 84
           ENTRY                   ADDRESS         REF BY
           =====                   =======         ======
           Port_2                  47C2 
               interrupt function
    -------------------------------------------------------------------------
INTVEC
  Common segment, address: FF80 - FFD5 (0x56 bytes), align: 1
  Segment part 1. ROOT 
           ENTRY                   ADDRESS         REF BY
           =====                   =======         ======
           Port_2::??INTVEC 84     FFD4 
    -------------------------------------------------------------------------
INTVEC
  Common segment, address: FF80 - FFDF (0x60 bytes), align: 1
  Segment part 2. ROOT 
           ENTRY                   ADDRESS         REF BY
           =====                   =======         ======
           Port_1::??INTVEC 94     FFDE 

    *************************************************************************

  FILE NAME : G:\MSP430_and_F150_Textbook\附件目录\4.实验代码\实验5 卡尔曼滤波\Debug\Obj\ram.r43
    *************************************************************************

  FILE NAME : G:\MSP430_and_F150_Textbook\附件目录\4.实验代码\实验5 卡尔曼滤波\Debug\Obj\ref.r43
    *************************************************************************

  FILE NAME : G:\MSP430_and_F150_Textbook\附件目录\4.实验代码\实验5 卡尔曼滤波\Debug\Obj\rtc_a.r43
    *************************************************************************

  FILE NAME : G:\MSP430_and_F150_Textbook\附件目录\4.实验代码\实验5 卡尔曼滤波\Debug\Obj\rtc_b.r43
    *************************************************************************

  FILE NAME : G:\MSP430_and_F150_Textbook\附件目录\4.实验代码\实验5 卡尔曼滤波\Debug\Obj\rtc_c.r43
    *************************************************************************

  FILE NAME : G:\MSP430_and_F150_Textbook\附件目录\4.实验代码\实验5 卡尔曼滤波\Debug\Obj\sd24_b.r43
    *************************************************************************

  FILE NAME : G:\MSP430_and_F150_Textbook\附件目录\4.实验代码\实验5 卡尔曼滤波\Debug\Obj\sfr.r43
    *************************************************************************

  FILE NAME : G:\MSP430_and_F150_Textbook\附件目录\4.实验代码\实验5 卡尔曼滤波\Debug\Obj\sysctl.r43
    *************************************************************************

  FILE NAME : G:\MSP430_and_F150_Textbook\附件目录\4.实验代码\实验5 卡尔曼滤波\Debug\Obj\tec.r43
    *************************************************************************

  FILE NAME : G:\MSP430_and_F150_Textbook\附件目录\4.实验代码\实验5 卡尔曼滤波\Debug\Obj\timer.r43
  PROGRAM MODULE, NAME : timer

  SEGMENTS IN THE MODULE
  ======================
DATA16_Z
  Relative segment, address: 27C5 - 27C5 (0x1 bytes), align: 0
  Segment part 5.             Intra module refs:   TIMER0_B0_ISR
           ENTRY                   ADDRESS         REF BY
           =====                   =======         ======
           Loop_100_Hz_Flag        27C5 
    -------------------------------------------------------------------------
DATA16_Z
  Relative segment, address: 27C6 - 27C6 (0x1 bytes), align: 0
  Segment part 6.             Intra module refs:   TIMER0_B0_ISR
           ENTRY                   ADDRESS         REF BY
           =====                   =======         ======
           Loop_50_Hz_Flag         27C6 
    -------------------------------------------------------------------------
DATA16_Z
  Relative segment, address: 27C7 - 27C7 (0x1 bytes), align: 0
  Segment part 7.             Intra module refs:   TIMER0_B0_ISR
           ENTRY                   ADDRESS         REF BY
           =====                   =======         ======
           Loop_10_Hz_Flag         27C7 
    -------------------------------------------------------------------------
DATA16_Z
  Relative segment, address: 27C8 - 27C8 (0x1 bytes), align: 0
  Segment part 8.             Intra module refs:   TIMER0_B0_ISR
           ENTRY                   ADDRESS         REF BY
           =====                   =======         ======
           Loop_5_Hz_Flag          27C8 
    -------------------------------------------------------------------------
DATA16_Z
  Relative segment, address: 279C - 27A3 (0x8 bytes), align: 1
  Segment part 9.             Intra module refs:   TIMER0_B0_ISR
                                                   delay_ms
           LOCAL                   ADDRESS         
           =====                   =======         
           System_ms_Cnt           279C 
    -------------------------------------------------------------------------
<CODE> 1 (was CODE)
  Relative segment, address: 5FCC - 6003 (0x38 bytes), align: 1
  Segment part 33.
           ENTRY                   ADDRESS         REF BY
           =====                   =======         ======
           Timer_B0_Init_ms_Interrupt
                                   5FCC            main (main)
               calls direct
    -------------------------------------------------------------------------
<CODE> 1 (was CODE)
  Relative segment, address: 5EC8 - 5F11 (0x4a bytes), align: 1
  Segment part 36.
           ENTRY                   ADDRESS         REF BY
           =====                   =======         ======
           delay_ms                5EC8            MPU6050_Init (mpu6050)
                                                   main (main)
    -------------------------------------------------------------------------
DATA16_Z
  Relative segment, address: 27A4 - 27AB (0x8 bytes), align: 1
  Segment part 21.            Intra module refs:   delay_ms
           LOCAL                   ADDRESS         
           =====                   =======         
           delay_ms::StartCntVal   27A4 
    -------------------------------------------------------------------------
ISR_CODE
  Relative segment, address: 47C4 - 47D1 (0xe bytes), align: 1
  Segment part 42.            Intra module refs:   TIMER0_A0_ISR::??INTVEC 106
           ENTRY                   ADDRESS         REF BY
           =====                   =======         ======
           TIMER0_A0_ISR           47C4 
               interrupt function
               calls direct
    -------------------------------------------------------------------------
ISR_CODE
  Relative segment, address: 47D2 - 4857 (0x86 bytes), align: 1
  Segment part 43.            Intra module refs:   TIMER0_B0_ISR::??INTVEC 118
           ENTRY                   ADDRESS         REF BY
           =====                   =======         ======
           TIMER0_B0_ISR           47D2 
               interrupt function
               calls direct
    -------------------------------------------------------------------------
DATA16_Z
  Relative segment, address: 27C9 - 27C9 (0x1 bytes), align: 0
  Segment part 27.            Intra module refs:   TIMER0_B0_ISR
           LOCAL                   ADDRESS         
           =====                   =======         
           TIMER0_B0_ISR::Loop_100_Hz_Cnt
                                   27C9 
    -------------------------------------------------------------------------
DATA16_Z
  Relative segment, address: 27CA - 27CA (0x1 bytes), align: 0
  Segment part 28.            Intra module refs:   TIMER0_B0_ISR
           LOCAL                   ADDRESS         
           =====                   =======         
           TIMER0_B0_ISR::Loop_50_Hz_Cnt
                                   27CA 
    -------------------------------------------------------------------------
DATA16_Z
  Relative segment, address: 27CB - 27CB (0x1 bytes), align: 0
  Segment part 29.            Intra module refs:   TIMER0_B0_ISR
           LOCAL                   ADDRESS         
           =====                   =======         
           TIMER0_B0_ISR::Loop_10_Hz_Cnt
                                   27CB 
    -------------------------------------------------------------------------
DATA16_Z
  Relative segment, address: 27CC - 27CC (0x1 bytes), align: 0
  Segment part 30.            Intra module refs:   TIMER0_B0_ISR
           LOCAL                   ADDRESS         
           =====                   =======         
           TIMER0_B0_ISR::Loop_5_Hz_Cnt
                                   27CC 
    -------------------------------------------------------------------------
INTVEC
  Common segment, address: FF80 - FFEB (0x6c bytes), align: 1
  Segment part 1. ROOT 
           ENTRY                   ADDRESS         REF BY
           =====                   =======         ======
           TIMER0_A0_ISR::??INTVEC 106
                                   FFEA 
    -------------------------------------------------------------------------
INTVEC
  Common segment, address: FF80 - FFF7 (0x78 bytes), align: 1
  Segment part 2. ROOT 
           ENTRY                   ADDRESS         REF BY
           =====                   =======         ======
           TIMER0_B0_ISR::??INTVEC 118
                                   FFF6 

    *************************************************************************

  FILE NAME : G:\MSP430_and_F150_Textbook\附件目录\4.实验代码\实验5 卡尔曼滤波\Debug\Obj\timer_a.r43
  PROGRAM MODULE, NAME : timer_a

  SEGMENTS IN THE MODULE
  ======================
<CODE> 1 (was CODE)
  Relative segment, address: 6338 - 633F (0x8 bytes), align: 1
  Segment part 23.
           ENTRY                   ADDRESS         REF BY
           =====                   =======         ======
           Timer_A_clearTimerInterrupt
                                   6338            TIMER0_A0_ISR (timer)

    *************************************************************************

  FILE NAME : G:\MSP430_and_F150_Textbook\附件目录\4.实验代码\实验5 卡尔曼滤波\Debug\Obj\timer_b.r43
  PROGRAM MODULE, NAME : timer_b

  SEGMENTS IN THE MODULE
  ======================
<CODE> 1 (was CODE)
  Relative segment, address: 5BD4 - 5C4B (0x78 bytes), align: 1
  Segment part 4.
           ENTRY                   ADDRESS         REF BY
           =====                   =======         ======
           Timer_B_initUpMode      5BD4            Timer_B0_Init_ms_Interrupt (timer)
    -------------------------------------------------------------------------
<CODE> 1 (was CODE)
  Relative segment, address: 6320 - 6327 (0x8 bytes), align: 1
  Segment part 22.
           ENTRY                   ADDRESS         REF BY
           =====                   =======         ======
           Timer_B_clearTimerInterrupt
                                   6320            TIMER0_B0_ISR (timer)

    *************************************************************************

  FILE NAME : G:\MSP430_and_F150_Textbook\附件目录\4.实验代码\实验5 卡尔曼滤波\Debug\Obj\timer_d.r43
    *************************************************************************

  FILE NAME : G:\MSP430_and_F150_Textbook\附件目录\4.实验代码\实验5 卡尔曼滤波\Debug\Obj\tlv.r43
    *************************************************************************

  FILE NAME : G:\MSP430_and_F150_Textbook\附件目录\4.实验代码\实验5 卡尔曼滤波\Debug\Obj\ucs.r43
  PROGRAM MODULE, NAME : ucs

  SEGMENTS IN THE MODULE
  ======================
DATA16_Z
  Relative segment, address: 27AC - 27AF (0x4 bytes), align: 1
  Segment part 2.             Intra module refs:   UCS_setExternalClockSource
                                                   privateUCSComputeCLKFrequency
                                                   privateUCSSourceClockFromDCO
           LOCAL                   ADDRESS         
           =====                   =======         
           privateXT1ClockFrequency
                                   27AC 
    -------------------------------------------------------------------------
DATA16_Z
  Relative segment, address: 27B0 - 27B3 (0x4 bytes), align: 1
  Segment part 3.             Intra module refs:   UCS_setExternalClockSource
                                                   privateUCSComputeCLKFrequency
                                                   privateUCSSourceClockFromDCO
           LOCAL                   ADDRESS         
           =====                   =======         
           privateXT2ClockFrequency
                                   27B0 
    -------------------------------------------------------------------------
<CODE> 1 (was CODE)
  Relative segment, address: 4A60 - 4BA5 (0x146 bytes), align: 1
  Segment part 4.             Intra module refs:   privateUCSComputeCLKFrequency
           LOCAL                   ADDRESS         
           =====                   =======         
           privateUCSSourceClockFromDCO
                                   4A60 
               calls direct
    -------------------------------------------------------------------------
<CODE> 1 (was CODE)
  Relative segment, address: 5276 - 5375 (0x100 bytes), align: 1
  Segment part 5.             Intra module refs:   UCS_getACLK
                                                   UCS_getMCLK
                                                   UCS_getSMCLK
           LOCAL                   ADDRESS         
           =====                   =======         
           privateUCSComputeCLKFrequency
                                   5276 
               calls direct
    -------------------------------------------------------------------------
<CODE> 1 (was CODE)
  Relative segment, address: 6282 - 6293 (0x12 bytes), align: 1
  Segment part 6.
           ENTRY                   ADDRESS         REF BY
           =====                   =======         ======
           UCS_setExternalClockSource
                                   6282            System_Clock_Init (board)
    -------------------------------------------------------------------------
<CODE> 1 (was CODE)
  Relative segment, address: 564C - 571B (0xd0 bytes), align: 1
  Segment part 7.
           ENTRY                   ADDRESS         REF BY
           =====                   =======         ======
           UCS_initClockSignal     564C            System_Clock_Init (board)
    -------------------------------------------------------------------------
<CODE> 1 (was CODE)
  Relative segment, address: 6004 - 6039 (0x36 bytes), align: 1
  Segment part 8.
           ENTRY                   ADDRESS         REF BY
           =====                   =======         ======
           UCS_turnOnLFXT1         6004            System_Clock_Init (board)
    -------------------------------------------------------------------------
<CODE> 1 (was CODE)
  Relative segment, address: 6070 - 60A3 (0x34 bytes), align: 1
  Segment part 15.
           ENTRY                   ADDRESS         REF BY
           =====                   =======         ======
           UCS_turnOnXT2           6070            System_Clock_Init (board)
    -------------------------------------------------------------------------
<CODE> 1 (was CODE)
  Relative segment, address: 5F92 - 5FCB (0x3a bytes), align: 1
  Segment part 21.
           ENTRY                   ADDRESS         REF BY
           =====                   =======         ======
           UCS_initFLLSettle       5F92            System_Clock_Init (board)
               calls direct
    -------------------------------------------------------------------------
<CODE> 1 (was CODE)
  Relative segment, address: 5562 - 564B (0xea bytes), align: 1
  Segment part 20.            Intra module refs:   UCS_initFLLSettle
           ENTRY                   ADDRESS         REF BY
           =====                   =======         ======
           UCS_initFLL             5562 
    -------------------------------------------------------------------------
<CODE> 1 (was CODE)
  Relative segment, address: 6340 - 6345 (0x6 bytes), align: 1
  Segment part 27.
           ENTRY                   ADDRESS         REF BY
           =====                   =======         ======
           UCS_turnOnSMCLK         6340            System_Clock_Init (board)
    -------------------------------------------------------------------------
<CODE> 1 (was CODE)
  Relative segment, address: 618E - 61B7 (0x2a bytes), align: 1
  Segment part 28.
           ENTRY                   ADDRESS         REF BY
           =====                   =======         ======
           UCS_getACLK             618E            IIC_Init (iic)
                                                   System_Clock_Init (board)
                                                   U1_UCA0_Init (usart)
                                                   U2_UCA1_Init (usart)
               calls direct
    -------------------------------------------------------------------------
<CODE> 1 (was CODE)
  Relative segment, address: 61B8 - 61DB (0x24 bytes), align: 1
  Segment part 29.
           ENTRY                   ADDRESS         REF BY
           =====                   =======         ======
           UCS_getSMCLK            61B8            IIC_Init (iic)
                                                   System_Clock_Init (board)
                                                   U1_UCA0_Init (usart)
                                                   U2_UCA1_Init (usart)
               calls direct
    -------------------------------------------------------------------------
<CODE> 1 (was CODE)
  Relative segment, address: 61FC - 6219 (0x1e bytes), align: 1
  Segment part 30.
           ENTRY                   ADDRESS         REF BY
           =====                   =======         ======
           UCS_getMCLK             61FC            System_Clock_Init (board)
               calls direct

    *************************************************************************

  FILE NAME : G:\MSP430_and_F150_Textbook\附件目录\4.实验代码\实验5 卡尔曼滤波\Debug\Obj\usart.r43
  PROGRAM MODULE, NAME : usart

  SEGMENTS IN THE MODULE
  ======================
DATA16_AN
  Relative segment, address: 05CE - 05CE (0x1 bytes), align: 0
  Segment part 1. ROOT        Intra module refs:   USCI_A0_ISR
           ENTRY                   ADDRESS         REF BY
           =====                   =======         ======
           UCA0TXBUF               05CE 
    -------------------------------------------------------------------------
DATA16_AN
  Relative segment, address: 060E - 060E (0x1 bytes), align: 0
  Segment part 2. ROOT        Intra module refs:   USCI_A1_ISR
           ENTRY                   ADDRESS         REF BY
           =====                   =======         ======
           UCA1TXBUF               060E 
    -------------------------------------------------------------------------
DATA16_I
  Relative segment, address: 244C - 25E1 (0x196 bytes), align: 1
  Segment part 6.             Intra module refs:   USCI_A0_ISR
           ENTRY                   ADDRESS         REF BY
           =====                   =======         ======
           Usart1                  244C 
    -------------------------------------------------------------------------
DATA16_I
  Relative segment, address: 25E2 - 2777 (0x196 bytes), align: 1
  Segment part 8.             Intra module refs:   USCI_A1_ISR
           ENTRY                   ADDRESS         REF BY
           =====                   =======         ======
           Usart2                  25E2 
    -------------------------------------------------------------------------
<CODE> 1 (was CODE)
  Relative segment, address: 4E1A - 4F35 (0x11c bytes), align: 1
  Segment part 10.
           ENTRY                   ADDRESS         REF BY
           =====                   =======         ======
           U1_UCA0_Init            4E1A            main (main)
               calls direct
    -------------------------------------------------------------------------
<CODE> 1 (was CODE)
  Relative segment, address: 4F36 - 504F (0x11a bytes), align: 1
  Segment part 12.
           ENTRY                   ADDRESS         REF BY
           =====                   =======         ======
           U2_UCA1_Init            4F36            main (main)
               calls direct
    -------------------------------------------------------------------------
ISR_CODE
  Relative segment, address: 4858 - 48A9 (0x52 bytes), align: 1
  Segment part 14.            Intra module refs:   USCI_A0_ISR::??INTVEC 112
           ENTRY                   ADDRESS         REF BY
           =====                   =======         ======
           USCI_A0_ISR             4858 
               interrupt function
               calls direct
    -------------------------------------------------------------------------
ISR_CODE
  Relative segment, address: 48AA - 48FB (0x52 bytes), align: 1
  Segment part 15.            Intra module refs:   USCI_A1_ISR::??INTVEC 92
           ENTRY                   ADDRESS         REF BY
           =====                   =======         ======
           USCI_A1_ISR             48AA 
               interrupt function
               calls direct
    -------------------------------------------------------------------------
INTVEC
  Common segment, address: FF80 - FFDD (0x5e bytes), align: 1
  Segment part 3. ROOT 
           ENTRY                   ADDRESS         REF BY
           =====                   =======         ======
           USCI_A1_ISR::??INTVEC 92
                                   FFDC 
    -------------------------------------------------------------------------
INTVEC
  Common segment, address: FF80 - FFF1 (0x72 bytes), align: 1
  Segment part 4. ROOT 
           ENTRY                   ADDRESS         REF BY
           =====                   =======         ======
           USCI_A0_ISR::??INTVEC 112
                                   FFF0 
    -------------------------------------------------------------------------
DATA16_ID
  Relative segment, address: 446C - 4601 (0x196 bytes), align: 1
  Segment part 7.             Intra module refs:   Usart1
    -------------------------------------------------------------------------
DATA16_ID
  Relative segment, address: 4602 - 4797 (0x196 bytes), align: 1
  Segment part 9.             Intra module refs:   Usart2

    *************************************************************************

  FILE NAME : G:\MSP430_and_F150_Textbook\附件目录\4.实验代码\实验5 卡尔曼滤波\Debug\Obj\usci_a_spi.r43
    *************************************************************************

  FILE NAME : G:\MSP430_and_F150_Textbook\附件目录\4.实验代码\实验5 卡尔曼滤波\Debug\Obj\usci_a_uart.r43
  PROGRAM MODULE, NAME : usci_a_uart

  SEGMENTS IN THE MODULE
  ======================
<CODE> 1 (was CODE)
  Relative segment, address: 571C - 57E5 (0xca bytes), align: 1
  Segment part 2.
           ENTRY                   ADDRESS         REF BY
           =====                   =======         ======
           USCI_A_UART_init        571C            U1_UCA0_Init (usart)
                                                   U2_UCA1_Init (usart)
    -------------------------------------------------------------------------
<CODE> 1 (was CODE)
  Relative segment, address: 61DC - 61FB (0x20 bytes), align: 1
  Segment part 5.
           ENTRY                   ADDRESS         REF BY
           =====                   =======         ======
           USCI_A_UART_enableInterrupt
                                   61DC            U1_UCA0_Init (usart)
                                                   U2_UCA1_Init (usart)
    -------------------------------------------------------------------------
<CODE> 1 (was CODE)
  Relative segment, address: 6304 - 630D (0xa bytes), align: 1
  Segment part 7.
           ENTRY                   ADDRESS         REF BY
           =====                   =======         ======
           USCI_A_UART_getInterruptStatus
                                   6304            USCI_A0_ISR (usart)
                                                   USCI_A1_ISR (usart)
    -------------------------------------------------------------------------
<CODE> 1 (was CODE)
  Relative segment, address: 62F8 - 6303 (0xc bytes), align: 1
  Segment part 8.
           ENTRY                   ADDRESS         REF BY
           =====                   =======         ======
           USCI_A_UART_clearInterrupt
                                   62F8            USCI_A0_ISR (usart)
                                                   USCI_A1_ISR (usart)
    -------------------------------------------------------------------------
<CODE> 1 (was CODE)
  Relative segment, address: 6330 - 6337 (0x8 bytes), align: 1
  Segment part 9.
           ENTRY                   ADDRESS         REF BY
           =====                   =======         ======
           USCI_A_UART_enable      6330            U1_UCA0_Init (usart)
                                                   U2_UCA1_Init (usart)

    *************************************************************************

  FILE NAME : G:\MSP430_and_F150_Textbook\附件目录\4.实验代码\实验5 卡尔曼滤波\Debug\Obj\usci_b_i2c.r43
  PROGRAM MODULE, NAME : usci_b_i2c

  SEGMENTS IN THE MODULE
  ======================
<CODE> 1 (was CODE)
  Relative segment, address: 5F52 - 5F91 (0x40 bytes), align: 1
  Segment part 2.
           ENTRY                   ADDRESS         REF BY
           =====                   =======         ======
           USCI_B_I2C_initMaster   5F52            IIC_Init (iic)
               calls direct
    -------------------------------------------------------------------------
<CODE> 1 (was CODE)
  Relative segment, address: 6318 - 631F (0x8 bytes), align: 1
  Segment part 4.
           ENTRY                   ADDRESS         REF BY
           =====                   =======         ======
           USCI_B_I2C_enable       6318            IIC_Init (iic)
    -------------------------------------------------------------------------
<CODE> 1 (was CODE)
  Relative segment, address: 62C6 - 62D3 (0xe bytes), align: 1
  Segment part 6.
           ENTRY                   ADDRESS         REF BY
           =====                   =======         ======
           USCI_B_I2C_setSlaveAddress
                                   62C6            IICreadBytes (iic)
                                                   IICwriteBytes (iic)
    -------------------------------------------------------------------------
<CODE> 1 (was CODE)
  Relative segment, address: 62D4 - 62DF (0xc bytes), align: 1
  Segment part 16.
           ENTRY                   ADDRESS         REF BY
           =====                   =======         ======
           USCI_B_I2C_disableInterrupt
                                   62D4            IIC_Init (iic)
    -------------------------------------------------------------------------
<CODE> 1 (was CODE)
  Relative segment, address: 62E0 - 62EB (0xc bytes), align: 1
  Segment part 17.
           ENTRY                   ADDRESS         REF BY
           =====                   =======         ======
           USCI_B_I2C_clearInterrupt
                                   62E0            IICwriteBytes (iic)
    -------------------------------------------------------------------------
<CODE> 1 (was CODE)
  Relative segment, address: 630E - 6317 (0xa bytes), align: 1
  Segment part 18.
           ENTRY                   ADDRESS         REF BY
           =====                   =======         ======
           USCI_B_I2C_getInterruptStatus
                                   630E            IICreadBytes (iic)
                                                   IICwriteBytes (iic)
    -------------------------------------------------------------------------
<CODE> 1 (was CODE)
  Relative segment, address: 5DD6 - 5E2D (0x58 bytes), align: 1
  Segment part 22.
           ENTRY                   ADDRESS         REF BY
           =====                   =======         ======
           USCI_B_I2C_masterSendMultiByteStartWithTimeout
                                   5DD6            IICreadBytes (iic)
                                                   IICwriteBytes (iic)
    -------------------------------------------------------------------------
<CODE> 1 (was CODE)
  Relative segment, address: 5F12 - 5F51 (0x40 bytes), align: 1
  Segment part 24.
           ENTRY                   ADDRESS         REF BY
           =====                   =======         ======
           USCI_B_I2C_masterSendMultiByteNextWithTimeout
                                   5F12            IICwriteBytes (iic)
    -------------------------------------------------------------------------
<CODE> 1 (was CODE)
  Relative segment, address: 5C4C - 5CB5 (0x6a bytes), align: 1
  Segment part 26.
           ENTRY                   ADDRESS         REF BY
           =====                   =======         ======
           USCI_B_I2C_masterSendMultiByteFinishWithTimeout
                                   5C4C            IICwriteBytes (iic)
    -------------------------------------------------------------------------
<CODE> 1 (was CODE)
  Relative segment, address: 62B6 - 62C5 (0x10 bytes), align: 1
  Segment part 29.
           ENTRY                   ADDRESS         REF BY
           =====                   =======         ======
           USCI_B_I2C_masterReceiveMultiByteStart
                                   62B6            IICreadBytes (iic)
    -------------------------------------------------------------------------
<CODE> 1 (was CODE)
  Relative segment, address: 6328 - 632F (0x8 bytes), align: 1
  Segment part 30.
           ENTRY                   ADDRESS         REF BY
           =====                   =======         ======
           USCI_B_I2C_masterReceiveMultiByteNext
                                   6328            IICreadBytes (iic)
    -------------------------------------------------------------------------
<CODE> 1 (was CODE)
  Relative segment, address: 5D7E - 5DD5 (0x58 bytes), align: 1
  Segment part 32.
           ENTRY                   ADDRESS         REF BY
           =====                   =======         ======
           USCI_B_I2C_masterReceiveMultiByteFinishWithTimeout
                                   5D7E            IICreadBytes (iic)

    *************************************************************************

  FILE NAME : G:\MSP430_and_F150_Textbook\附件目录\4.实验代码\实验5 卡尔曼滤波\Debug\Obj\usci_b_spi.r43
    *************************************************************************

  FILE NAME : G:\MSP430_and_F150_Textbook\附件目录\4.实验代码\实验5 卡尔曼滤波\Debug\Obj\wdt_a.r43
  PROGRAM MODULE, NAME : wdt_a

  SEGMENTS IN THE MODULE
  ======================
<CODE> 1 (was CODE)
  Relative segment, address: 621A - 6237 (0x1e bytes), align: 1
  Segment part 2.
           ENTRY                   ADDRESS         REF BY
           =====                   =======         ======
           WDT_A_hold              621A            System_Clock_Init (board)

    *************************************************************************

  FILE NAME : G:\IAR_For_MSP430\430\lib\dlib\dl430xlsfn.r43
  LIBRARY MODULE, NAME : ?__dbg_break

  SEGMENTS IN THE MODULE
  ======================
<CODE> 1 (was CODE)
  Relative segment, address: 6352 - 6353 (0x2 bytes), align: 1
  Segment part 2.
           ENTRY                   ADDRESS         REF BY
           =====                   =======         ======
           __DebugBreak            6352            __exit (?__exit)

    -------------------------------------------------------------------------
  LIBRARY MODULE, NAME : ?__exit

  SEGMENTS IN THE MODULE
  ======================
<CODE> 1 (was CODE)
  Relative segment, address: 626E - 6281 (0x14 bytes), align: 1
  Segment part 2.
           ENTRY                   ADDRESS         REF BY
           =====                   =======         ======
           __exit                  626E            Segment part 6 (?_exit)
                                                   _exit (?_exit)
               calls direct

    -------------------------------------------------------------------------
  LIBRARY MODULE, NAME : ?_exit

  SEGMENTS IN THE MODULE
  ======================
<CODE> 1 (was CODE)
  Relative segment, address: 6346, align: 1
  Segment part 0.
           ENTRY                   ADDRESS         REF BY
           =====                   =======         ======
           _exit                   6346            exit (?exit)
    -------------------------------------------------------------------------
<CODE> 1 (was CODE)
  Relative segment, address: 6346 - 6349 (0x4 bytes), align: 1
  Segment part 6.             Intra module refs:   _exit

    -------------------------------------------------------------------------
  LIBRARY MODULE, NAME : ?cstart

  SEGMENTS IN THE MODULE
  ======================
CSTACK
  Relative segment, address: 4360, align: 1
  Segment part 1.
    -------------------------------------------------------------------------
DATA16_Z
  Relative segment, address: 27B4, align: 1
  Segment part 2.
    -------------------------------------------------------------------------
DATA16_I
  Relative segment, address: 2778, align: 1
  Segment part 3.
    -------------------------------------------------------------------------
DATA16_ID
  Relative segment, address: 4798, align: 1
  Segment part 4.
    -------------------------------------------------------------------------
CODE_I
  Relative segment, address: 27CE, align: 1
  Segment part 5.
    -------------------------------------------------------------------------
CODE_ID
  Relative segment, address: 6354, align: 1
  Segment part 6.
    -------------------------------------------------------------------------
DATA20_Z
  Relative segment, address: 27CE, align: 1
  Segment part 7.
    -------------------------------------------------------------------------
DATA20_I
  Relative segment, address: 27CE, align: 1
  Segment part 8.
    -------------------------------------------------------------------------
DATA20_ID
  Relative segment, address: 6354, align: 1
  Segment part 9.
    -------------------------------------------------------------------------
DATA20_C
  Relative segment, address: 6354, align: 1
  Segment part 10.
    -------------------------------------------------------------------------
DATA20_N
  Relative segment, address: 27CE, align: 1
  Segment part 12.
    -------------------------------------------------------------------------
CSTART
  Relative segment, address: 4798 - 479B (0x4 bytes), align: 1
  Segment part 15.
           ENTRY                   ADDRESS         REF BY
           =====                   =======         ======
           __program_start         4798            ?reset_vector (?reset_vector)
                                                   Absolute parts (?ABS_ENTRY_MOD)
           ?cstart_begin           4798 
    -------------------------------------------------------------------------
CSTART
  Relative segment, address: 479C - 47A7 (0xc bytes), align: 1
  Segment part 20.
           ENTRY                   ADDRESS         REF BY
           =====                   =======         ======
           ?cstart_init_zero       479C            Clk_ACLK (board)
                                                   Clk_MCLK (board)
                                                   Clk_SMCLK (board)
                                                   IICreadBytes::cnt (iic)
                                                   Loop_100_Hz_Flag (timer)
                                                   Loop_10_Hz_Flag (timer)
                                                   Loop_50_Hz_Flag (timer)
                                                   Loop_5_Hz_Flag (timer)
                                                   MPU6050_Read_Accelerometer::buf (mpu6050)
                                                   MPU6050_Read_Gyroscope::buf (mpu6050)
                                                   System_ms_Cnt (timer)
                                                   TIMER0_B0_ISR::Loop_100_Hz_Cnt (timer)
                                                   TIMER0_B0_ISR::Loop_10_Hz_Cnt (timer)
                                                   TIMER0_B0_ISR::Loop_50_Hz_Cnt (timer)
                                                   TIMER0_B0_ISR::Loop_5_Hz_Cnt (timer)
                                                   delay_ms::StartCntVal (timer)
                                                   privateXT1ClockFrequency (ucs)
                                                   privateXT2ClockFrequency (ucs)
                                                   tBuff (main)
    -------------------------------------------------------------------------
CSTART
  Relative segment, address: 47A8 - 47B7 (0x10 bytes), align: 1
  Segment part 21.
           ENTRY                   ADDRESS         REF BY
           =====                   =======         ======
           ?cstart_init_copy       47A8            IIC_Delay_Cnt_Max (iic)
                                                   Usart1 (usart)
                                                   Usart2 (usart)
                                                   ekf (main)
    -------------------------------------------------------------------------
CSTART
  Relative segment, address: 47B8 - 47BF (0x8 bytes), align: 1
  Segment part 27.            Intra module refs:   Segment part 15
           ENTRY                   ADDRESS         REF BY
           =====                   =======         ======
           ?cstart_call_main       47B8 
           ?cstart_end             47C0 
    -------------------------------------------------------------------------
CODE_ID
  Relative segment, address: 6354, align: 1
  Segment part 28.            Intra module refs:   Segment part 5

    -------------------------------------------------------------------------
  LIBRARY MODULE, NAME : ?reset_vector

  SEGMENTS IN THE MODULE
  ======================
RESET
  Relative segment, address: FFFE - FFFF (0x2 bytes), align: 1
  Segment part 0.
           ENTRY                   ADDRESS         REF BY
           =====                   =======         ======
           ?reset_vector           FFFE            Segment part 15 (?cstart)

    -------------------------------------------------------------------------
  LIBRARY MODULE, NAME : ?exit

  SEGMENTS IN THE MODULE
  ======================
<CODE> 1 (was CODE)
  Relative segment, address: 634A - 634D (0x4 bytes), align: 1
  Segment part 2.
           ENTRY                   ADDRESS         REF BY
           =====                   =======         ======
           exit                    634A            Segment part 27 (?cstart)
               calls direct

    -------------------------------------------------------------------------
  LIBRARY MODULE, NAME : ?Mul32fHw32

  SEGMENTS IN THE MODULE
  ======================
<CODE> 1 (was CODE)
  Relative segment, address: 5050 - 5165 (0x116 bytes), align: 1
  Segment part 0.
           ENTRY                   ADDRESS         REF BY
           =====                   =======         ======
           ?Mul32fHw32             5050            IIC_Init (iic)
                                                   U1_UCA0_Init (usart)
                                                   U2_UCA1_Init (usart)
                                                   kalman_1 (kalman)
                                                   main (main)

    -------------------------------------------------------------------------
  LIBRARY MODULE, NAME : ?Cast32f32i

  SEGMENTS IN THE MODULE
  ======================
<CODE> 1 (was CODE)
  Relative segment, address: 5ABC - 5ACF (0x14 bytes), align: 1
  Segment part 0.
           ENTRY                   ADDRESS         REF BY
           =====                   =======         ======
           _Cast32sto32f           5ABC            main (main)
    -------------------------------------------------------------------------
<CODE> 1 (was CODE)
  Relative segment, address: 5AD0 - 5B4D (0x7e bytes), align: 1
  Segment part 1.             Intra module refs:   _Cast32sto32f
           ENTRY                   ADDRESS         REF BY
           =====                   =======         ======
           _Cast32uto32f           5AD0            IIC_Init (iic)
                                                   U1_UCA0_Init (usart)
                                                   U2_UCA1_Init (usart)

    -------------------------------------------------------------------------
  LIBRARY MODULE, NAME : _Cast32fto32u

  SEGMENTS IN THE MODULE
  ======================
<CODE> 1 (was CODE)
  Relative segment, address: 62EC - 62F7 (0xc bytes), align: 1
  Segment part 0.
           ENTRY                   ADDRESS         REF BY
           =====                   =======         ======
           _Cast32fto32u           62EC            IIC_Init (iic)

    -------------------------------------------------------------------------
  LIBRARY MODULE, NAME : _Cast32fto32s

  SEGMENTS IN THE MODULE
  ======================
<CODE> 1 (was CODE)
  Relative segment, address: 60A4 - 60D5 (0x32 bytes), align: 1
  Segment part 0.
           ENTRY                   ADDRESS         REF BY
           =====                   =======         ======
           _Cast32fto32s           60A4            U1_UCA0_Init (usart)
                                                   U2_UCA1_Init (usart)
                                                   main (main)

    -------------------------------------------------------------------------
  LIBRARY MODULE, NAME : ?FLT_Extract

  SEGMENTS IN THE MODULE
  ======================
<CODE> 1 (was CODE)
  Relative segment, address: 5E7C - 5EC7 (0x4c bytes), align: 1
  Segment part 0.
           ENTRY                   ADDRESS         REF BY
           =====                   =======         ======
           ?FLT_Extract            5E7C            _Cast32fto32s (_Cast32fto32s)
                                                   _Cast32fto32u (_Cast32fto32u)

    -------------------------------------------------------------------------
  LIBRARY MODULE, NAME : _Div32f

  SEGMENTS IN THE MODULE
  ======================
<CODE> 1 (was CODE)
  Relative segment, address: 4CEA - 4E19 (0x130 bytes), align: 1
  Segment part 0.
           ENTRY                   ADDRESS         REF BY
           =====                   =======         ======
           _Div32f                 4CEA            IIC_Init (iic)
                                                   U1_UCA0_Init (usart)
                                                   U2_UCA1_Init (usart)
                                                   kalman_1 (kalman)

    -------------------------------------------------------------------------
  LIBRARY MODULE, NAME : _Add32f

  SEGMENTS IN THE MODULE
  ======================
<CODE> 1 (was CODE)
  Relative segment, address: 48FC - 48FF (0x4 bytes), align: 1
  Segment part 0.
           ENTRY                   ADDRESS         REF BY
           =====                   =======         ======
           _Sub32f                 48FC            U1_UCA0_Init (usart)
                                                   U2_UCA1_Init (usart)
                                                   kalman_1 (kalman)
                                                   main (main)
    -------------------------------------------------------------------------
<CODE> 1 (was CODE)
  Relative segment, address: 4900 - 4A5F (0x160 bytes), align: 1
  Segment part 1.             Intra module refs:   _Sub32f
           ENTRY                   ADDRESS         REF BY
           =====                   =======         ======
           _Add32f                 4900            kalman_1 (kalman)
                                                   main (main)

    -------------------------------------------------------------------------
  LIBRARY MODULE, NAME : ?DivMod816u

  SEGMENTS IN THE MODULE
  ======================
<CODE> 1 (was CODE)
  Relative segment, address: 6256 - 626D (0x18 bytes), align: 1
  Segment part 1.
           ENTRY                   ADDRESS         REF BY
           =====                   =======         ======
           ?DivMod16u              6256            ?DivMod16s (?DivMod816s)
                                                   privateUCSComputeCLKFrequency (ucs)

    -------------------------------------------------------------------------
  LIBRARY MODULE, NAME : ?DivMod816s

  SEGMENTS IN THE MODULE
  ======================
<CODE> 1 (was CODE)
  Relative segment, address: 60D6 - 6105 (0x30 bytes), align: 1
  Segment part 1.
           ENTRY                   ADDRESS         REF BY
           =====                   =======         ======
           ?DivMod16s              60D6            privateUCSComputeCLKFrequency (ucs)

    -------------------------------------------------------------------------
  LIBRARY MODULE, NAME : ?DivMod32u

  SEGMENTS IN THE MODULE
  ======================
<CODE> 1 (was CODE)
  Relative segment, address: 6106 - 6135 (0x30 bytes), align: 1
  Segment part 0.
           ENTRY                   ADDRESS         REF BY
           =====                   =======         ======
           ?DivMod32u              6106            USCI_B_I2C_initMaster (usci_b_i2c)
                                                   privateUCSComputeCLKFrequency (ucs)
                                                   privateUCSSourceClockFromDCO (ucs)

    -------------------------------------------------------------------------
  LIBRARY MODULE, NAME : ?memcpy

  SEGMENTS IN THE MODULE
  ======================
<CODE> 1 (was CODE)
  Relative segment, address: 6294 - 62A5 (0x12 bytes), align: 1
  Segment part 2.
           ENTRY                   ADDRESS         REF BY
           =====                   =======         ======
           memcpy                  6294            __data16_memcpy (?memzero)

    -------------------------------------------------------------------------
  LIBRARY MODULE, NAME : ?memzero

  SEGMENTS IN THE MODULE
  ======================
<CODE> 1 (was CODE)
  Relative segment, address: 62A6 - 62B5 (0x10 bytes), align: 1
  Segment part 2.
           ENTRY                   ADDRESS         REF BY
           =====                   =======         ======
           __data16_memzero        62A6            ?cstart_init_zero (?cstart)
    -------------------------------------------------------------------------
<CODE> 1 (was CODE)
  Relative segment, address: 634E - 6351 (0x4 bytes), align: 1
  Segment part 3.
           ENTRY                   ADDRESS         REF BY
           =====                   =======         ======
           __data16_memcpy         634E            ?cstart_init_copy (?cstart)
               calls direct




                ****************************************
                *                                      *
                *      SEGMENTS IN ADDRESS ORDER       *
                *                                      *
                ****************************************


SEGMENT              SPACE    START ADDRESS   END ADDRESS     SIZE  TYPE  ALIGN
=======              =====    =============   ===========     ====  ====  =====
DATA16_AN                              05CE - 05CE               1   rel    0
                                       060E - 060E               1 
DATA16_I                               2400 - 2777             378   rel    1
DATA16_Z                               2778 - 27CC              55   rel    1
DATA20_N                                  27CE                       rel    1
DATA20_Z                                  27CE                       rel    1
CODE_I                                    27CE                       rel    1
DATA20_I                                  27CE                       rel    1
CSTACK                                 4360 - 43FF              A0   rel    1
DATA16_C                               4400 - 441F              20   rel    1
DATA16_ID                              4420 - 4797             378   rel    1
CSTART                                 4798 - 47BF              28   rel    1
ISR_CODE                               47C0 - 48FB             13C   rel    1
<CODE> 1                               48FC - 6353            1A58   rel    1
DATA20_C                                  6354                       rel    1
CODE_ID                                   6354                       rel    1
DATA20_ID                                 6354                       rel    1
INTVEC                                 FF80 - FFF7              78   com    1
RESET                                  FFFE - FFFF               2   rel    1

                ****************************************
                *                                      *
                *        END OF CROSS REFERENCE        *
                *                                      *
                ****************************************

 7 222 bytes of CODE  memory
 1 133 bytes of DATA  memory (+ 2 absolute )
   920 bytes of CONST memory

Errors: none
Warnings: none

