################################################################################
#                                                                              #
#      IAR Universal Linker V6.5.1.95                                          #
#                                                                              #
#           Link time     =  17/Sep/2018  15:56:36                             #
#           Target CPU    =  MSP430                                            #
#           List file     =  "G:\MSP430_and_F150_Textbook\附件目录\4.实验代码\ #
#                            实验2 气压计代码\Debug\List\msp430_drone_fmu.map" #
#           Output file 1 =  "G:\MSP430_and_F150_Textbook\附件目录\4.实验代码\ #
#                            实验2 气压计代码\Debug\Exe\msp430_drone_fmu.d43"  #
#                            Format: ubrof10                                   #
#                            UBROF version 10.0.6                              #
#                            Using library modules for C-SPY (-rt)             #
#           Command line  =  -f                                                #
#                            C:\Users\Yanzinan\AppData\Local\Temp\EW4FE2.tmp   #
#                            ("G:\MSP430_and_F150_Textbook\附件目录\4.实验代码 #
#                            \实验2 气压计代码\Debug\Obj\adc10_a.r43"          #
#                            "G:\MSP430_and_F150_Textbook\附件目录\4.实验代码\ #
#                            实验2 气压计代码\Debug\Obj\adc12_a.r43"           #
#                            "G:\MSP430_and_F150_Textbook\附件目录\4.实验代码\ #
#                            实验2 气压计代码\Debug\Obj\aes.r43"               #
#                            "G:\MSP430_and_F150_Textbook\附件目录\4.实验代码\ #
#                            实验2 气压计代码\Debug\Obj\battbak.r43"           #
#                            "G:\MSP430_and_F150_Textbook\附件目录\4.实验代码\ #
#                            实验2 气压计代码\Debug\Obj\board.r43"             #
#                            "G:\MSP430_and_F150_Textbook\附件目录\4.实验代码\ #
#                            实验2 气压计代码\Debug\Obj\comp_b.r43"            #
#                            "G:\MSP430_and_F150_Textbook\附件目录\4.实验代码\ #
#                            实验2 气压计代码\Debug\Obj\crc.r43"               #
#                            "G:\MSP430_and_F150_Textbook\附件目录\4.实验代码\ #
#                            实验2 气压计代码\Debug\Obj\ctsd16.r43"            #
#                            "G:\MSP430_and_F150_Textbook\附件目录\4.实验代码\ #
#                            实验2 气压计代码\Debug\Obj\dac12_a.r43"           #
#                            "G:\MSP430_and_F150_Textbook\附件目录\4.实验代码\ #
#                            实验2 气压计代码\Debug\Obj\data_type.r43"         #
#                            "G:\MSP430_and_F150_Textbook\附件目录\4.实验代码\ #
#                            实验2 气压计代码\Debug\Obj\dma.r43"               #
#                            "G:\MSP430_and_F150_Textbook\附件目录\4.实验代码\ #
#                            实验2 气压计代码\Debug\Obj\eusci_a_spi.r43"       #
#                            "G:\MSP430_and_F150_Textbook\附件目录\4.实验代码\ #
#                            实验2 气压计代码\Debug\Obj\eusci_a_uart.r43"      #
#                            "G:\MSP430_and_F150_Textbook\附件目录\4.实验代码\ #
#                            实验2 气压计代码\Debug\Obj\eusci_b_i2c.r43"       #
#                            "G:\MSP430_and_F150_Textbook\附件目录\4.实验代码\ #
#                            实验2 气压计代码\Debug\Obj\eusci_b_spi.r43"       #
#                            "G:\MSP430_and_F150_Textbook\附件目录\4.实验代码\ #
#                            实验2 气压计代码\Debug\Obj\flashctl.r43"          #
#                            "G:\MSP430_and_F150_Textbook\附件目录\4.实验代码\ #
#                            实验2 气压计代码\Debug\Obj\gpio.r43"              #
#                            "G:\MSP430_and_F150_Textbook\附件目录\4.实验代码\ #
#                            实验2 气压计代码\Debug\Obj\iic.r43"               #
#                            "G:\MSP430_and_F150_Textbook\附件目录\4.实验代码\ #
#                            实验2 气压计代码\Debug\Obj\lcd_b.r43"             #
#                            "G:\MSP430_and_F150_Textbook\附件目录\4.实验代码\ #
#                            实验2 气压计代码\Debug\Obj\ldopwr.r43"            #
#                            "G:\MSP430_and_F150_Textbook\附件目录\4.实验代码\ #
#                            实验2 气压计代码\Debug\Obj\led.r43"               #
#                            "G:\MSP430_and_F150_Textbook\附件目录\4.实验代码\ #
#                            实验2 气压计代码\Debug\Obj\main.r43"              #
#                            "G:\MSP430_and_F150_Textbook\附件目录\4.实验代码\ #
#                            实验2 气压计代码\Debug\Obj\mpu6050.r43"           #
#                            "G:\MSP430_and_F150_Textbook\附件目录\4.实验代码\ #
#                            实验2 气压计代码\Debug\Obj\mpy32.r43"             #
#                            "G:\MSP430_and_F150_Textbook\附件目录\4.实验代码\ #
#                            实验2 气压计代码\Debug\Obj\oa.r43"                #
#                            "G:\MSP430_and_F150_Textbook\附件目录\4.实验代码\ #
#                            实验2 气压计代码\Debug\Obj\pmap.r43"              #
#                            "G:\MSP430_and_F150_Textbook\附件目录\4.实验代码\ #
#                            实验2 气压计代码\Debug\Obj\pmm.r43"               #
#                            "G:\MSP430_and_F150_Textbook\附件目录\4.实验代码\ #
#                            实验2 气压计代码\Debug\Obj\ram.r43"               #
#                            "G:\MSP430_and_F150_Textbook\附件目录\4.实验代码\ #
#                            实验2 气压计代码\Debug\Obj\ref.r43"               #
#                            "G:\MSP430_and_F150_Textbook\附件目录\4.实验代码\ #
#                            实验2 气压计代码\Debug\Obj\rtc_a.r43"             #
#                            "G:\MSP430_and_F150_Textbook\附件目录\4.实验代码\ #
#                            实验2 气压计代码\Debug\Obj\rtc_b.r43"             #
#                            "G:\MSP430_and_F150_Textbook\附件目录\4.实验代码\ #
#                            实验2 气压计代码\Debug\Obj\rtc_c.r43"             #
#                            "G:\MSP430_and_F150_Textbook\附件目录\4.实验代码\ #
#                            实验2 气压计代码\Debug\Obj\sd24_b.r43"            #
#                            "G:\MSP430_and_F150_Textbook\附件目录\4.实验代码\ #
#                            实验2 气压计代码\Debug\Obj\sfr.r43"               #
#                            "G:\MSP430_and_F150_Textbook\附件目录\4.实验代码\ #
#                            实验2 气压计代码\Debug\Obj\spl06.r43"             #
#                            "G:\MSP430_and_F150_Textbook\附件目录\4.实验代码\ #
#                            实验2 气压计代码\Debug\Obj\sysctl.r43"            #
#                            "G:\MSP430_and_F150_Textbook\附件目录\4.实验代码\ #
#                            实验2 气压计代码\Debug\Obj\tec.r43"               #
#                            "G:\MSP430_and_F150_Textbook\附件目录\4.实验代码\ #
#                            实验2 气压计代码\Debug\Obj\timer.r43"             #
#                            "G:\MSP430_and_F150_Textbook\附件目录\4.实验代码\ #
#                            实验2 气压计代码\Debug\Obj\timer_a.r43"           #
#                            "G:\MSP430_and_F150_Textbook\附件目录\4.实验代码\ #
#                            实验2 气压计代码\Debug\Obj\timer_b.r43"           #
#                            "G:\MSP430_and_F150_Textbook\附件目录\4.实验代码\ #
#                            实验2 气压计代码\Debug\Obj\timer_d.r43"           #
#                            "G:\MSP430_and_F150_Textbook\附件目录\4.实验代码\ #
#                            实验2 气压计代码\Debug\Obj\tlv.r43"               #
#                            "G:\MSP430_and_F150_Textbook\附件目录\4.实验代码\ #
#                            实验2 气压计代码\Debug\Obj\ucs.r43"               #
#                            "G:\MSP430_and_F150_Textbook\附件目录\4.实验代码\ #
#                            实验2 气压计代码\Debug\Obj\usart.r43"             #
#                            "G:\MSP430_and_F150_Textbook\附件目录\4.实验代码\ #
#                            实验2 气压计代码\Debug\Obj\usci_a_spi.r43"        #
#                            "G:\MSP430_and_F150_Textbook\附件目录\4.实验代码\ #
#                            实验2 气压计代码\Debug\Obj\usci_a_uart.r43"       #
#                            "G:\MSP430_and_F150_Textbook\附件目录\4.实验代码\ #
#                            实验2 气压计代码\Debug\Obj\usci_b_i2c.r43"        #
#                            "G:\MSP430_and_F150_Textbook\附件目录\4.实验代码\ #
#                            实验2 气压计代码\Debug\Obj\usci_b_spi.r43"        #
#                            "G:\MSP430_and_F150_Textbook\附件目录\4.实验代码\ #
#                            实验2 气压计代码\Debug\Obj\wdt_a.r43"             #
#                            -o                                                #
#                            "G:\MSP430_and_F150_Textbook\附件目录\4.实验代码\ #
#                            实验2 气压计代码\Debug\Exe\msp430_drone_fmu.d43"  #
#                            -l                                                #
#                            "G:\MSP430_and_F150_Textbook\附件目录\4.实验代码\ #
#                            实验2 气压计代码\Debug\List\msp430_drone_fmu.map" #
#                            -xms -IG:\IAR_For_MSP430\430\LIB\ -f              #
#                            G:\IAR_For_MSP430\430\config\linker\lnk430f5529.x #
#                            cl                                                #
#                            (-cmsp430 -D?CPU30_OFFSET=2 -QCODE_I=CODE_ID      #
#                            -QTLS16_I=TLS16_ID -D__iar_HWMUL=4C0              #
#                            -Z(CONST)INFO=1800-19FF                           #
#                            -Z(CONST)INFOA=1980-19FF                          #
#                            -Z(CONST)INFOB=1900-197F                          #
#                            -Z(CONST)INFOC=1880-18FF                          #
#                            -Z(CONST)INFOD=1800-187F                          #
#                            -Z(DATA)USBRAM=1C00-23FF                          #
#                            -Z(DATA)DATA16_I,DATA16_Z,DATA16_N,TLS16_I=2400-4 #
#                            3FF                                               #
#                            -Z(DATA)DATA16_HEAP+_DATA16_HEAP_SIZE             #
#                            -Z(DATA)CODE_I                                    #
#                            -Z(DATA)DATA20_I,DATA20_Z,DATA20_N,DATA20_HEAP+_D #
#                            ATA20_HEAP_SIZE                                   #
#                            -Z(DATA)CSTACK+_STACK_SIZE#                       #
#                            -Z(CONST)DATA16_C,DATA16_ID,TLS16_ID,DIFUNCT,CHEC #
#                            KSUM=4400-FF7F                                    #
#                            -Z(CODE)CSTART,ISR_CODE,CODE16=4400-FF7F          #
#                            -P(CODE)CODE=4400-FF7F,10000-243FF                #
#                            -Z(CONST)DATA20_C,DATA20_ID,CODE_ID=4400-FF7F,100 #
#                            40-243FF                                          #
#                            -Z(CODE)INTVEC=FF80-FFFF                          #
#                            -Z(CODE)RESET=FFFE-FFFF) -f                       #
#                            G:\IAR_For_MSP430\430\config\linker\multiplier32. #
#                            xcl                                               #
#                            (-e?Mul8Hw=?Mul8 -e?Mul16Hw=?Mul16                #
#                            -e?Mul16to32uHw=?Mul16to32u                       #
#                            -e?Mul16to32sHw=?Mul16to32s -e?Mul32Hw32=?Mul32   #
#                            -e?Mul64Hw32=_Mul64i                              #
#                            -e?Mul32u32uto64iHw32=_Mul32u32uto64i             #
#                            -e?Mul32fHw32=_Mul32f                             #
#                            -e_Mul64fHw32Ptr=_Mul64fPtr) -D_STACK_SIZE=A0     #
#                            -rt                                               #
#                            G:\IAR_For_MSP430\430\lib\dlib\dl430xlsfn.r43     #
#                            -e_PrintfLarge=_Printf -e_ScanfLarge=_Scanf       #
#                            -D_DATA16_HEAP_SIZE=A0 -s __program_start         #
#                            -D_DATA20_HEAP_SIZE=50)                           #
#                                                                              #
#                           Copyright (C) 1987-2016 IAR Systems AB.            #
################################################################################





                ****************************************
                *                                      *
                *           CROSS REFERENCE            *
                *                                      *
                ****************************************

       Program entry at :           474C  Relocatable, from module : ?cstart




                ****************************************
                *                                      *
                *            RUNTIME MODEL             *
                *                                      *
                ****************************************

  __Heap_Handler             = Basic
  __SystemLibrary            = DLib
  __code_model               = large
  __core                     = 430X
  __data_model               = small
  __dlib_file_descriptor     = 0
  __dlib_full_locale_support = 0
  __double_size              = 32
  __pic                      = no
  __reg_r4                   = free
  __reg_r5                   = free
  __rt_version               = 3

                ****************************************
                *                                      *
                *    AUTOMATIC SYMBOL REDIRECTIONS     *
                *                                      *
                ****************************************

                  There are no automatic symbol redirections.



                ****************************************
                *                                      *
                *              MODULE MAP              *
                *                                      *
                ****************************************


  DEFINED ABSOLUTE ENTRIES
    *************************************************************************

  DEFINED ABSOLUTE ENTRIES
  PROGRAM MODULE, NAME : ?ABS_ENTRY_MOD

Absolute parts
           ENTRY                   ADDRESS         REF BY
           =====                   =======         ======
           _DATA20_HEAP_SIZE       0050 
           _DATA16_HEAP_SIZE       00A0 
           _STACK_SIZE             00A0 
           __iar_HWMUL             04C0            ?Mul32fHw32 (?Mul32fHw32)
                                                   privateUCSSourceClockFromDCO (ucs)
           ?CPU30_OFFSET           0002 
    *************************************************************************

  FILE NAME : G:\MSP430_and_F150_Textbook\附件目录\4.实验代码\实验2 气压计代码\Debug\Obj\adc10_a.r43
    *************************************************************************

  FILE NAME : G:\MSP430_and_F150_Textbook\附件目录\4.实验代码\实验2 气压计代码\Debug\Obj\adc12_a.r43
    *************************************************************************

  FILE NAME : G:\MSP430_and_F150_Textbook\附件目录\4.实验代码\实验2 气压计代码\Debug\Obj\aes.r43
    *************************************************************************

  FILE NAME : G:\MSP430_and_F150_Textbook\附件目录\4.实验代码\实验2 气压计代码\Debug\Obj\battbak.r43
    *************************************************************************

  FILE NAME : G:\MSP430_and_F150_Textbook\附件目录\4.实验代码\实验2 气压计代码\Debug\Obj\board.r43
  PROGRAM MODULE, NAME : board

  SEGMENTS IN THE MODULE
  ======================
DATA16_Z
  Relative segment, address: 2730 - 2737 (0x8 bytes), align: 1
  Segment part 2.             Intra module refs:   System_Clock_Init
           LOCAL                   ADDRESS         
           =====                   =======         
           Clk_ACLK                2730 
    -------------------------------------------------------------------------
DATA16_Z
  Relative segment, address: 2738 - 273F (0x8 bytes), align: 1
  Segment part 3.             Intra module refs:   System_Clock_Init
           LOCAL                   ADDRESS         
           =====                   =======         
           Clk_SMCLK               2738 
    -------------------------------------------------------------------------
DATA16_Z
  Relative segment, address: 2740 - 2747 (0x8 bytes), align: 1
  Segment part 4.             Intra module refs:   System_Clock_Init
           LOCAL                   ADDRESS         
           =====                   =======         
           Clk_MCLK                2740 
    -------------------------------------------------------------------------
<CODE> 1 (was CODE)
  Relative segment, address: 57A2 - 5899 (0xf8 bytes), align: 1
  Segment part 5.
           ENTRY                   ADDRESS         REF BY
           =====                   =======         ======
           System_Clock_Init       57A2            main (main)
               calls direct

    *************************************************************************

  FILE NAME : G:\MSP430_and_F150_Textbook\附件目录\4.实验代码\实验2 气压计代码\Debug\Obj\comp_b.r43
    *************************************************************************

  FILE NAME : G:\MSP430_and_F150_Textbook\附件目录\4.实验代码\实验2 气压计代码\Debug\Obj\crc.r43
    *************************************************************************

  FILE NAME : G:\MSP430_and_F150_Textbook\附件目录\4.实验代码\实验2 气压计代码\Debug\Obj\ctsd16.r43
    *************************************************************************

  FILE NAME : G:\MSP430_and_F150_Textbook\附件目录\4.实验代码\实验2 气压计代码\Debug\Obj\dac12_a.r43
    *************************************************************************

  FILE NAME : G:\MSP430_and_F150_Textbook\附件目录\4.实验代码\实验2 气压计代码\Debug\Obj\data_type.r43
    *************************************************************************

  FILE NAME : G:\MSP430_and_F150_Textbook\附件目录\4.实验代码\实验2 气压计代码\Debug\Obj\dma.r43
    *************************************************************************

  FILE NAME : G:\MSP430_and_F150_Textbook\附件目录\4.实验代码\实验2 气压计代码\Debug\Obj\eusci_a_spi.r43
    *************************************************************************

  FILE NAME : G:\MSP430_and_F150_Textbook\附件目录\4.实验代码\实验2 气压计代码\Debug\Obj\eusci_a_uart.r43
    *************************************************************************

  FILE NAME : G:\MSP430_and_F150_Textbook\附件目录\4.实验代码\实验2 气压计代码\Debug\Obj\eusci_b_i2c.r43
    *************************************************************************

  FILE NAME : G:\MSP430_and_F150_Textbook\附件目录\4.实验代码\实验2 气压计代码\Debug\Obj\eusci_b_spi.r43
    *************************************************************************

  FILE NAME : G:\MSP430_and_F150_Textbook\附件目录\4.实验代码\实验2 气压计代码\Debug\Obj\flashctl.r43
    *************************************************************************

  FILE NAME : G:\MSP430_and_F150_Textbook\附件目录\4.实验代码\实验2 气压计代码\Debug\Obj\gpio.r43
  PROGRAM MODULE, NAME : gpio

  SEGMENTS IN THE MODULE
  ======================
DATA16_C
  Relative segment, address: 4400 - 441B (0x1c bytes), align: 1
  Segment part 2.             Intra module refs:   GPIO_setAsOutputPin
                                                   GPIO_setAsPeripheralModuleFunctionInputPin
                                                   GPIO_setAsPeripheralModuleFunctionOutputPin
                                                   GPIO_setDriveStrength
                                                   GPIO_setOutputHighOnPin
                                                   GPIO_setOutputLowOnPin
                                                   GPIO_toggleOutputOnPin
           LOCAL                   ADDRESS         
           =====                   =======         
           GPIO_PORT_TO_BASE       4400 
    -------------------------------------------------------------------------
<CODE> 1 (was CODE)
  Relative segment, address: 67C4 - 67EF (0x2c bytes), align: 1
  Segment part 3.
           ENTRY                   ADDRESS         REF BY
           =====                   =======         ======
           GPIO_setAsOutputPin     67C4            LED_Init (led)
    -------------------------------------------------------------------------
<CODE> 1 (was CODE)
  Relative segment, address: 67F0 - 681B (0x2c bytes), align: 1
  Segment part 5.
           ENTRY                   ADDRESS         REF BY
           =====                   =======         ======
           GPIO_setAsPeripheralModuleFunctionOutputPin
                                   67F0            System_Clock_Init (board)
                                                   U1_UCA0_Init (usart)
                                                   U2_UCA1_Init (usart)
    -------------------------------------------------------------------------
<CODE> 1 (was CODE)
  Relative segment, address: 6798 - 67C3 (0x2c bytes), align: 1
  Segment part 6.
           ENTRY                   ADDRESS         REF BY
           =====                   =======         ======
           GPIO_setAsPeripheralModuleFunctionInputPin
                                   6798            IIC_Init (iic)
                                                   System_Clock_Init (board)
                                                   U1_UCA0_Init (usart)
                                                   U2_UCA1_Init (usart)
    -------------------------------------------------------------------------
<CODE> 1 (was CODE)
  Relative segment, address: 68D4 - 68F5 (0x22 bytes), align: 1
  Segment part 7.
           ENTRY                   ADDRESS         REF BY
           =====                   =======         ======
           GPIO_setOutputHighOnPin
                                   68D4            LED_Off (led)
                                                   LED_On (led)
    -------------------------------------------------------------------------
<CODE> 1 (was CODE)
  Relative segment, address: 68B2 - 68D3 (0x22 bytes), align: 1
  Segment part 8.
           ENTRY                   ADDRESS         REF BY
           =====                   =======         ======
           GPIO_setOutputLowOnPin
                                   68B2            LED_Off (led)
                                                   LED_On (led)
    -------------------------------------------------------------------------
<CODE> 1 (was CODE)
  Relative segment, address: 68F6 - 6917 (0x22 bytes), align: 1
  Segment part 9.
           ENTRY                   ADDRESS         REF BY
           =====                   =======         ======
           GPIO_toggleOutputOnPin
                                   68F6            LED_Toogle (led)
    -------------------------------------------------------------------------
<CODE> 1 (was CODE)
  Relative segment, address: 66D2 - 6705 (0x34 bytes), align: 1
  Segment part 18.
           ENTRY                   ADDRESS         REF BY
           =====                   =======         ======
           GPIO_setDriveStrength   66D2            LED_Init (led)

    *************************************************************************

  FILE NAME : G:\MSP430_and_F150_Textbook\附件目录\4.实验代码\实验2 气压计代码\Debug\Obj\iic.r43
  PROGRAM MODULE, NAME : iic

  SEGMENTS IN THE MODULE
  ======================
DATA16_I
  Relative segment, address: 2400 - 2403 (0x4 bytes), align: 1
  Segment part 2.             Intra module refs:   IIC_Init
                                                   IICreadBytes
                                                   IICwriteBytes
           LOCAL                   ADDRESS         
           =====                   =======         
           IIC_Delay_Cnt_Max       2400 
    -------------------------------------------------------------------------
<CODE> 1 (was CODE)
  Relative segment, address: 5592 - 56A1 (0x110 bytes), align: 1
  Segment part 5.
           ENTRY                   ADDRESS         REF BY
           =====                   =======         ======
           IIC_Init                5592            SPL06_init (spl06)
               calls direct
    -------------------------------------------------------------------------
<CODE> 1 (was CODE)
  Relative segment, address: 5E36 - 5EE1 (0xac bytes), align: 1
  Segment part 6.             Intra module refs:   IIC_Read_One_Byte
           ENTRY                   ADDRESS         REF BY
           =====                   =======         ======
           IICreadBytes            5E36 
               calls direct
    -------------------------------------------------------------------------
DATA16_Z
  Relative segment, address: 27A6 - 27A6 (0x1 bytes), align: 0
  Segment part 4.             Intra module refs:   IICreadBytes
           LOCAL                   ADDRESS         
           =====                   =======         
           IICreadBytes::cnt       27A6 
    -------------------------------------------------------------------------
<CODE> 1 (was CODE)
  Relative segment, address: 6938 - 6957 (0x20 bytes), align: 1
  Segment part 7.
           ENTRY                   ADDRESS         REF BY
           =====                   =======         ======
           IIC_Read_One_Byte       6938            SPL06_read (spl06)
               calls direct
    -------------------------------------------------------------------------
<CODE> 1 (was CODE)
  Relative segment, address: 6994 - 69B1 (0x1e bytes), align: 1
  Segment part 9.
           ENTRY                   ADDRESS         REF BY
           =====                   =======         ======
           IICwriteByte            6994            SPL06_write (spl06)
               calls direct
    -------------------------------------------------------------------------
<CODE> 1 (was CODE)
  Relative segment, address: 5C12 - 5CC9 (0xb8 bytes), align: 1
  Segment part 8.             Intra module refs:   IICwriteByte
           ENTRY                   ADDRESS         REF BY
           =====                   =======         ======
           IICwriteBytes           5C12 
               calls direct
    -------------------------------------------------------------------------
DATA16_ID
  Relative segment, address: 441C - 441F (0x4 bytes), align: 1
  Segment part 3.             Intra module refs:   IIC_Delay_Cnt_Max

    *************************************************************************

  FILE NAME : G:\MSP430_and_F150_Textbook\附件目录\4.实验代码\实验2 气压计代码\Debug\Obj\lcd_b.r43
    *************************************************************************

  FILE NAME : G:\MSP430_and_F150_Textbook\附件目录\4.实验代码\实验2 气压计代码\Debug\Obj\ldopwr.r43
    *************************************************************************

  FILE NAME : G:\MSP430_and_F150_Textbook\附件目录\4.实验代码\实验2 气压计代码\Debug\Obj\led.r43
  PROGRAM MODULE, NAME : led

  SEGMENTS IN THE MODULE
  ======================
DATA16_Z
  Relative segment, address: 2748 - 275F (0x18 bytes), align: 1
  Segment part 2.             Intra module refs:   LED_Init
                                                   LED_Test
           ENTRY                   ADDRESS         REF BY
           =====                   =======         ======
           LED                     2748            main (main)
    -------------------------------------------------------------------------
<CODE> 1 (was CODE)
  Relative segment, address: 609E - 612D (0x90 bytes), align: 1
  Segment part 7.
           ENTRY                   ADDRESS         REF BY
           =====                   =======         ======
           LED_Init                609E            main (main)
               calls direct
    -------------------------------------------------------------------------
<CODE> 1 (was CODE)
  Relative segment, address: 686A - 688D (0x24 bytes), align: 1
  Segment part 5.             Intra module refs:   LED_Test
           ENTRY                   ADDRESS         REF BY
           =====                   =======         ======
           LED_On                  686A 
               calls direct
    -------------------------------------------------------------------------
<CODE> 1 (was CODE)
  Relative segment, address: 6846 - 6869 (0x24 bytes), align: 1
  Segment part 4.             Intra module refs:   LED_Init
                                                   LED_Test
           ENTRY                   ADDRESS         REF BY
           =====                   =======         ======
           LED_Off                 6846 
               calls direct
    -------------------------------------------------------------------------
<CODE> 1 (was CODE)
  Relative segment, address: 6A20 - 6A31 (0x12 bytes), align: 1
  Segment part 3.             Intra module refs:   LED_Test
           ENTRY                   ADDRESS         REF BY
           =====                   =======         ======
           LED_Toogle              6A20            main (main)
               calls direct
    -------------------------------------------------------------------------
<CODE> 1 (was CODE)
  Relative segment, address: 5EE2 - 5F7B (0x9a bytes), align: 1
  Segment part 6.             Intra module refs:   LED_Init
           ENTRY                   ADDRESS         REF BY
           =====                   =======         ======
           LED_Test                5EE2 
               calls direct

    *************************************************************************

  FILE NAME : G:\MSP430_and_F150_Textbook\附件目录\4.实验代码\实验2 气压计代码\Debug\Obj\main.r43
  PROGRAM MODULE, NAME : main

  SEGMENTS IN THE MODULE
  ======================
<CODE> 1 (was CODE)
  Relative segment, address: 62B8 - 6321 (0x6a bytes), align: 1
  Segment part 2.
           ENTRY                   ADDRESS         REF BY
           =====                   =======         ======
           main                    62B8            Segment part 27 (?cstart)
               calls direct

    *************************************************************************

  FILE NAME : G:\MSP430_and_F150_Textbook\附件目录\4.实验代码\实验2 气压计代码\Debug\Obj\mpu6050.r43
    *************************************************************************

  FILE NAME : G:\MSP430_and_F150_Textbook\附件目录\4.实验代码\实验2 气压计代码\Debug\Obj\mpy32.r43
    *************************************************************************

  FILE NAME : G:\MSP430_and_F150_Textbook\附件目录\4.实验代码\实验2 气压计代码\Debug\Obj\oa.r43
    *************************************************************************

  FILE NAME : G:\MSP430_and_F150_Textbook\附件目录\4.实验代码\实验2 气压计代码\Debug\Obj\pmap.r43
    *************************************************************************

  FILE NAME : G:\MSP430_and_F150_Textbook\附件目录\4.实验代码\实验2 气压计代码\Debug\Obj\pmm.r43
  PROGRAM MODULE, NAME : pmm

  SEGMENTS IN THE MODULE
  ======================
<CODE> 1 (was CODE)
  Relative segment, address: 589A - 598D (0xf4 bytes), align: 1
  Segment part 33.            Intra module refs:   PMM_setVCore
           ENTRY                   ADDRESS         REF BY
           =====                   =======         ======
           PMM_setVCoreUp          589A 
    -------------------------------------------------------------------------
<CODE> 1 (was CODE)
  Relative segment, address: 5CCA - 5D7F (0xb6 bytes), align: 1
  Segment part 34.            Intra module refs:   PMM_setVCore
           ENTRY                   ADDRESS         REF BY
           =====                   =======         ======
           PMM_setVCoreDown        5CCA 
    -------------------------------------------------------------------------
<CODE> 1 (was CODE)
  Relative segment, address: 6492 - 64DF (0x4e bytes), align: 1
  Segment part 35.
           ENTRY                   ADDRESS         REF BY
           =====                   =======         ======
           PMM_setVCore            6492            System_Clock_Init (board)
               calls direct

    *************************************************************************

  FILE NAME : G:\MSP430_and_F150_Textbook\附件目录\4.实验代码\实验2 气压计代码\Debug\Obj\ram.r43
    *************************************************************************

  FILE NAME : G:\MSP430_and_F150_Textbook\附件目录\4.实验代码\实验2 气压计代码\Debug\Obj\ref.r43
    *************************************************************************

  FILE NAME : G:\MSP430_and_F150_Textbook\附件目录\4.实验代码\实验2 气压计代码\Debug\Obj\rtc_a.r43
    *************************************************************************

  FILE NAME : G:\MSP430_and_F150_Textbook\附件目录\4.实验代码\实验2 气压计代码\Debug\Obj\rtc_b.r43
    *************************************************************************

  FILE NAME : G:\MSP430_and_F150_Textbook\附件目录\4.实验代码\实验2 气压计代码\Debug\Obj\rtc_c.r43
    *************************************************************************

  FILE NAME : G:\MSP430_and_F150_Textbook\附件目录\4.实验代码\实验2 气压计代码\Debug\Obj\sd24_b.r43
    *************************************************************************

  FILE NAME : G:\MSP430_and_F150_Textbook\附件目录\4.实验代码\实验2 气压计代码\Debug\Obj\sfr.r43
    *************************************************************************

  FILE NAME : G:\MSP430_and_F150_Textbook\附件目录\4.实验代码\实验2 气压计代码\Debug\Obj\spl06.r43
  PROGRAM MODULE, NAME : spl06

  SEGMENTS IN THE MODULE
  ======================
DATA16_Z
  Relative segment, address: 2760 - 277B (0x1c bytes), align: 1
  Segment part 3.             Intra module refs:   SPL06_init
           LOCAL                   ADDRESS         
           =====                   =======         
           SPL06                   2760 
    -------------------------------------------------------------------------
DATA16_Z
  Relative segment, address: 277C - 277D (0x2 bytes), align: 1
  Segment part 4.             Intra module refs:   SPL06_get_calib_param
                                                   SPL06_get_pressure
                                                   SPL06_get_raw_pressure
                                                   SPL06_get_raw_temp
                                                   SPL06_get_temperature
                                                   SPL06_init
                                                   SPL06_rateset
           LOCAL                   ADDRESS         
           =====                   =======         
           p_SPL06                 277C 
    -------------------------------------------------------------------------
<CODE> 1 (was CODE)
  Relative segment, address: 69CA - 69DF (0x16 bytes), align: 1
  Segment part 9.             Intra module refs:   SPL06_rateset
                                                   SPL06_start_continuous
           ENTRY                   ADDRESS         REF BY
           =====                   =======         ======
           SPL06_write             69CA 
               calls direct
    -------------------------------------------------------------------------
<CODE> 1 (was CODE)
  Relative segment, address: 69F6 - 6A0B (0x16 bytes), align: 1
  Segment part 10.            Intra module refs:   SPL06_get_calib_param
                                                   SPL06_get_raw_pressure
                                                   SPL06_get_raw_temp
                                                   SPL06_rateset
           ENTRY                   ADDRESS         REF BY
           =====                   =======         ======
           SPL06_read              69F6 
               calls direct
    -------------------------------------------------------------------------
<CODE> 1 (was CODE)
  Relative segment, address: 643C - 6491 (0x56 bytes), align: 1
  Segment part 14.
           ENTRY                   ADDRESS         REF BY
           =====                   =======         ======
           SPL06_init              643C            main (main)
               calls direct
    -------------------------------------------------------------------------
<CODE> 1 (was CODE)
  Relative segment, address: 4E70 - 4FCF (0x160 bytes), align: 1
  Segment part 12.            Intra module refs:   SPL06_init
           ENTRY                   ADDRESS         REF BY
           =====                   =======         ======
           SPL06_rateset           4E70 
               calls direct
    -------------------------------------------------------------------------
<CODE> 1 (was CODE)
  Relative segment, address: 48AC - 4B59 (0x2ae bytes), align: 1
  Segment part 13.            Intra module refs:   SPL06_init
           ENTRY                   ADDRESS         REF BY
           =====                   =======         ======
           SPL06_get_calib_param   48AC 
               calls direct
    -------------------------------------------------------------------------
<CODE> 1 (was CODE)
  Relative segment, address: 69E0 - 69F5 (0x16 bytes), align: 1
  Segment part 11.            Intra module refs:   SPL06_init
           ENTRY                   ADDRESS         REF BY
           =====                   =======         ======
           SPL06_start_continuous
                                   69E0 
               calls direct
    -------------------------------------------------------------------------
<CODE> 1 (was CODE)
  Relative segment, address: 600E - 609D (0x90 bytes), align: 1
  Segment part 17.            Intra module refs:   user_SPL06_get
           ENTRY                   ADDRESS         REF BY
           =====                   =======         ======
           SPL06_get_raw_temp      600E 
               calls direct
    -------------------------------------------------------------------------
<CODE> 1 (was CODE)
  Relative segment, address: 61BC - 623F (0x84 bytes), align: 1
  Segment part 18.            Intra module refs:   user_SPL06_get
           ENTRY                   ADDRESS         REF BY
           =====                   =======         ======
           SPL06_get_raw_pressure
                                   61BC 
               calls direct
    -------------------------------------------------------------------------
<CODE> 1 (was CODE)
  Relative segment, address: 612E - 61BB (0x8e bytes), align: 1
  Segment part 19.            Intra module refs:   user_SPL06_get
           ENTRY                   ADDRESS         REF BY
           =====                   =======         ======
           SPL06_get_temperature   612E 
               calls direct
    -------------------------------------------------------------------------
<CODE> 1 (was CODE)
  Relative segment, address: 4B5A - 4D0B (0x1b2 bytes), align: 1
  Segment part 20.            Intra module refs:   user_SPL06_get
           ENTRY                   ADDRESS         REF BY
           =====                   =======         ======
           SPL06_get_pressure      4B5A 
               calls direct
    -------------------------------------------------------------------------
DATA16_Z
  Relative segment, address: 277E - 2781 (0x4 bytes), align: 1
  Segment part 5.             Intra module refs:   user_SPL06_get
           ENTRY                   ADDRESS         REF BY
           =====                   =======         ======
           temperature             277E 
    -------------------------------------------------------------------------
DATA16_Z
  Relative segment, address: 2782 - 2785 (0x4 bytes), align: 1
  Segment part 6.             Intra module refs:   user_SPL06_get
           ENTRY                   ADDRESS         REF BY
           =====                   =======         ======
           pressure                2782 
    -------------------------------------------------------------------------
DATA16_Z
  Relative segment, address: 2786 - 2789 (0x4 bytes), align: 1
  Segment part 7.             Intra module refs:   user_SPL06_get
           ENTRY                   ADDRESS         REF BY
           =====                   =======         ======
           alt_3                   2786 
    -------------------------------------------------------------------------
DATA16_Z
  Relative segment, address: 278A - 278D (0x4 bytes), align: 1
  Segment part 8.             Intra module refs:   user_SPL06_get
           ENTRY                   ADDRESS         REF BY
           =====                   =======         ======
           height                  278A 
    -------------------------------------------------------------------------
<CODE> 1 (was CODE)
  Relative segment, address: 5D80 - 5E35 (0xb6 bytes), align: 1
  Segment part 22.
           ENTRY                   ADDRESS         REF BY
           =====                   =======         ======
           user_SPL06_get          5D80            main (main)
               calls direct

    *************************************************************************

  FILE NAME : G:\MSP430_and_F150_Textbook\附件目录\4.实验代码\实验2 气压计代码\Debug\Obj\sysctl.r43
    *************************************************************************

  FILE NAME : G:\MSP430_and_F150_Textbook\附件目录\4.实验代码\实验2 气压计代码\Debug\Obj\tec.r43
    *************************************************************************

  FILE NAME : G:\MSP430_and_F150_Textbook\附件目录\4.实验代码\实验2 气压计代码\Debug\Obj\timer.r43
  PROGRAM MODULE, NAME : timer

  SEGMENTS IN THE MODULE
  ======================
DATA16_Z
  Relative segment, address: 27A7 - 27A7 (0x1 bytes), align: 0
  Segment part 5.             Intra module refs:   TIMER0_B0_ISR
           ENTRY                   ADDRESS         REF BY
           =====                   =======         ======
           Loop_100_Hz_Flag        27A7 
    -------------------------------------------------------------------------
DATA16_Z
  Relative segment, address: 27A8 - 27A8 (0x1 bytes), align: 0
  Segment part 6.             Intra module refs:   TIMER0_B0_ISR
           ENTRY                   ADDRESS         REF BY
           =====                   =======         ======
           Loop_50_Hz_Flag         27A8 
    -------------------------------------------------------------------------
DATA16_Z
  Relative segment, address: 27A9 - 27A9 (0x1 bytes), align: 0
  Segment part 7.             Intra module refs:   TIMER0_B0_ISR
           ENTRY                   ADDRESS         REF BY
           =====                   =======         ======
           Loop_10_Hz_Flag         27A9 
    -------------------------------------------------------------------------
DATA16_Z
  Relative segment, address: 27AA - 27AA (0x1 bytes), align: 0
  Segment part 8.             Intra module refs:   TIMER0_B0_ISR
           ENTRY                   ADDRESS         REF BY
           =====                   =======         ======
           Loop_5_Hz_Flag          27AA 
    -------------------------------------------------------------------------
DATA16_Z
  Relative segment, address: 278E - 2795 (0x8 bytes), align: 1
  Segment part 9.             Intra module refs:   TIMER0_B0_ISR
                                                   delay_ms
           LOCAL                   ADDRESS         
           =====                   =======         
           System_ms_Cnt           278E 
    -------------------------------------------------------------------------
<CODE> 1 (was CODE)
  Relative segment, address: 6630 - 6667 (0x38 bytes), align: 1
  Segment part 33.
           ENTRY                   ADDRESS         REF BY
           =====                   =======         ======
           Timer_B0_Init_ms_Interrupt
                                   6630            main (main)
               calls direct
    -------------------------------------------------------------------------
<CODE> 1 (was CODE)
  Relative segment, address: 652C - 6575 (0x4a bytes), align: 1
  Segment part 36.
           ENTRY                   ADDRESS         REF BY
           =====                   =======         ======
           delay_ms                652C            main (main)
    -------------------------------------------------------------------------
DATA16_Z
  Relative segment, address: 2796 - 279D (0x8 bytes), align: 1
  Segment part 21.            Intra module refs:   delay_ms
           LOCAL                   ADDRESS         
           =====                   =======         
           delay_ms::StartCntVal   2796 
    -------------------------------------------------------------------------
ISR_CODE
  Relative segment, address: 4774 - 4781 (0xe bytes), align: 1
  Segment part 42.            Intra module refs:   TIMER0_A0_ISR::??INTVEC 106
           ENTRY                   ADDRESS         REF BY
           =====                   =======         ======
           TIMER0_A0_ISR           4774 
               interrupt function
               calls direct
    -------------------------------------------------------------------------
ISR_CODE
  Relative segment, address: 4782 - 4807 (0x86 bytes), align: 1
  Segment part 43.            Intra module refs:   TIMER0_B0_ISR::??INTVEC 118
           ENTRY                   ADDRESS         REF BY
           =====                   =======         ======
           TIMER0_B0_ISR           4782 
               interrupt function
               calls direct
    -------------------------------------------------------------------------
DATA16_Z
  Relative segment, address: 27AB - 27AB (0x1 bytes), align: 0
  Segment part 27.            Intra module refs:   TIMER0_B0_ISR
           LOCAL                   ADDRESS         
           =====                   =======         
           TIMER0_B0_ISR::Loop_100_Hz_Cnt
                                   27AB 
    -------------------------------------------------------------------------
DATA16_Z
  Relative segment, address: 27AC - 27AC (0x1 bytes), align: 0
  Segment part 28.            Intra module refs:   TIMER0_B0_ISR
           LOCAL                   ADDRESS         
           =====                   =======         
           TIMER0_B0_ISR::Loop_50_Hz_Cnt
                                   27AC 
    -------------------------------------------------------------------------
DATA16_Z
  Relative segment, address: 27AD - 27AD (0x1 bytes), align: 0
  Segment part 29.            Intra module refs:   TIMER0_B0_ISR
           LOCAL                   ADDRESS         
           =====                   =======         
           TIMER0_B0_ISR::Loop_10_Hz_Cnt
                                   27AD 
    -------------------------------------------------------------------------
DATA16_Z
  Relative segment, address: 27AE - 27AE (0x1 bytes), align: 0
  Segment part 30.            Intra module refs:   TIMER0_B0_ISR
           LOCAL                   ADDRESS         
           =====                   =======         
           TIMER0_B0_ISR::Loop_5_Hz_Cnt
                                   27AE 
    -------------------------------------------------------------------------
INTVEC
  Common segment, address: FF80 - FFEB (0x6c bytes), align: 1
  Segment part 1. ROOT 
           ENTRY                   ADDRESS         REF BY
           =====                   =======         ======
           TIMER0_A0_ISR::??INTVEC 106
                                   FFEA 
    -------------------------------------------------------------------------
INTVEC
  Common segment, address: FF80 - FFF7 (0x78 bytes), align: 1
  Segment part 2. ROOT 
           ENTRY                   ADDRESS         REF BY
           =====                   =======         ======
           TIMER0_B0_ISR::??INTVEC 118
                                   FFF6 

    *************************************************************************

  FILE NAME : G:\MSP430_and_F150_Textbook\附件目录\4.实验代码\实验2 气压计代码\Debug\Obj\timer_a.r43
  PROGRAM MODULE, NAME : timer_a

  SEGMENTS IN THE MODULE
  ======================
<CODE> 1 (was CODE)
  Relative segment, address: 6AE8 - 6AEF (0x8 bytes), align: 1
  Segment part 23.
           ENTRY                   ADDRESS         REF BY
           =====                   =======         ======
           Timer_A_clearTimerInterrupt
                                   6AE8            TIMER0_A0_ISR (timer)

    *************************************************************************

  FILE NAME : G:\MSP430_and_F150_Textbook\附件目录\4.实验代码\实验2 气压计代码\Debug\Obj\timer_b.r43
  PROGRAM MODULE, NAME : timer_b

  SEGMENTS IN THE MODULE
  ======================
<CODE> 1 (was CODE)
  Relative segment, address: 6240 - 62B7 (0x78 bytes), align: 1
  Segment part 4.
           ENTRY                   ADDRESS         REF BY
           =====                   =======         ======
           Timer_B_initUpMode      6240            Timer_B0_Init_ms_Interrupt (timer)
    -------------------------------------------------------------------------
<CODE> 1 (was CODE)
  Relative segment, address: 6AE0 - 6AE7 (0x8 bytes), align: 1
  Segment part 22.
           ENTRY                   ADDRESS         REF BY
           =====                   =======         ======
           Timer_B_clearTimerInterrupt
                                   6AE0            TIMER0_B0_ISR (timer)

    *************************************************************************

  FILE NAME : G:\MSP430_and_F150_Textbook\附件目录\4.实验代码\实验2 气压计代码\Debug\Obj\timer_d.r43
    *************************************************************************

  FILE NAME : G:\MSP430_and_F150_Textbook\附件目录\4.实验代码\实验2 气压计代码\Debug\Obj\tlv.r43
    *************************************************************************

  FILE NAME : G:\MSP430_and_F150_Textbook\附件目录\4.实验代码\实验2 气压计代码\Debug\Obj\ucs.r43
  PROGRAM MODULE, NAME : ucs

  SEGMENTS IN THE MODULE
  ======================
DATA16_Z
  Relative segment, address: 279E - 27A1 (0x4 bytes), align: 1
  Segment part 2.             Intra module refs:   UCS_setExternalClockSource
                                                   privateUCSComputeCLKFrequency
                                                   privateUCSSourceClockFromDCO
           LOCAL                   ADDRESS         
           =====                   =======         
           privateXT1ClockFrequency
                                   279E 
    -------------------------------------------------------------------------
DATA16_Z
  Relative segment, address: 27A2 - 27A5 (0x4 bytes), align: 1
  Segment part 3.             Intra module refs:   UCS_setExternalClockSource
                                                   privateUCSComputeCLKFrequency
                                                   privateUCSSourceClockFromDCO
           LOCAL                   ADDRESS         
           =====                   =======         
           privateXT2ClockFrequency
                                   27A2 
    -------------------------------------------------------------------------
<CODE> 1 (was CODE)
  Relative segment, address: 4FD0 - 5115 (0x146 bytes), align: 1
  Segment part 4.             Intra module refs:   privateUCSComputeCLKFrequency
           LOCAL                   ADDRESS         
           =====                   =======         
           privateUCSSourceClockFromDCO
                                   4FD0 
               calls direct
    -------------------------------------------------------------------------
<CODE> 1 (was CODE)
  Relative segment, address: 56A2 - 57A1 (0x100 bytes), align: 1
  Segment part 5.             Intra module refs:   UCS_getACLK
                                                   UCS_getMCLK
                                                   UCS_getSMCLK
           LOCAL                   ADDRESS         
           =====                   =======         
           privateUCSComputeCLKFrequency
                                   56A2 
               calls direct
    -------------------------------------------------------------------------
<CODE> 1 (was CODE)
  Relative segment, address: 6A32 - 6A43 (0x12 bytes), align: 1
  Segment part 6.
           ENTRY                   ADDRESS         REF BY
           =====                   =======         ======
           UCS_setExternalClockSource
                                   6A32            System_Clock_Init (board)
    -------------------------------------------------------------------------
<CODE> 1 (was CODE)
  Relative segment, address: 5A78 - 5B47 (0xd0 bytes), align: 1
  Segment part 7.
           ENTRY                   ADDRESS         REF BY
           =====                   =======         ======
           UCS_initClockSignal     5A78            System_Clock_Init (board)
    -------------------------------------------------------------------------
<CODE> 1 (was CODE)
  Relative segment, address: 6668 - 669D (0x36 bytes), align: 1
  Segment part 8.
           ENTRY                   ADDRESS         REF BY
           =====                   =======         ======
           UCS_turnOnLFXT1         6668            System_Clock_Init (board)
    -------------------------------------------------------------------------
<CODE> 1 (was CODE)
  Relative segment, address: 669E - 66D1 (0x34 bytes), align: 1
  Segment part 15.
           ENTRY                   ADDRESS         REF BY
           =====                   =======         ======
           UCS_turnOnXT2           669E            System_Clock_Init (board)
    -------------------------------------------------------------------------
<CODE> 1 (was CODE)
  Relative segment, address: 65F6 - 662F (0x3a bytes), align: 1
  Segment part 21.
           ENTRY                   ADDRESS         REF BY
           =====                   =======         ======
           UCS_initFLLSettle       65F6            System_Clock_Init (board)
               calls direct
    -------------------------------------------------------------------------
<CODE> 1 (was CODE)
  Relative segment, address: 598E - 5A77 (0xea bytes), align: 1
  Segment part 20.            Intra module refs:   UCS_initFLLSettle
           ENTRY                   ADDRESS         REF BY
           =====                   =======         ======
           UCS_initFLL             598E 
    -------------------------------------------------------------------------
<CODE> 1 (was CODE)
  Relative segment, address: 6AF0 - 6AF5 (0x6 bytes), align: 1
  Segment part 27.
           ENTRY                   ADDRESS         REF BY
           =====                   =======         ======
           UCS_turnOnSMCLK         6AF0            System_Clock_Init (board)
    -------------------------------------------------------------------------
<CODE> 1 (was CODE)
  Relative segment, address: 681C - 6845 (0x2a bytes), align: 1
  Segment part 28.
           ENTRY                   ADDRESS         REF BY
           =====                   =======         ======
           UCS_getACLK             681C            IIC_Init (iic)
                                                   System_Clock_Init (board)
                                                   U1_UCA0_Init (usart)
                                                   U2_UCA1_Init (usart)
               calls direct
    -------------------------------------------------------------------------
<CODE> 1 (was CODE)
  Relative segment, address: 688E - 68B1 (0x24 bytes), align: 1
  Segment part 29.
           ENTRY                   ADDRESS         REF BY
           =====                   =======         ======
           UCS_getSMCLK            688E            IIC_Init (iic)
                                                   System_Clock_Init (board)
                                                   U1_UCA0_Init (usart)
                                                   U2_UCA1_Init (usart)
               calls direct
    -------------------------------------------------------------------------
<CODE> 1 (was CODE)
  Relative segment, address: 6976 - 6993 (0x1e bytes), align: 1
  Segment part 30.
           ENTRY                   ADDRESS         REF BY
           =====                   =======         ======
           UCS_getMCLK             6976            System_Clock_Init (board)
               calls direct

    *************************************************************************

  FILE NAME : G:\MSP430_and_F150_Textbook\附件目录\4.实验代码\实验2 气压计代码\Debug\Obj\usart.r43
  PROGRAM MODULE, NAME : usart

  SEGMENTS IN THE MODULE
  ======================
DATA16_AN
  Relative segment, address: 05CE - 05CE (0x1 bytes), align: 0
  Segment part 1. ROOT        Intra module refs:   USCI_A0_ISR
           ENTRY                   ADDRESS         REF BY
           =====                   =======         ======
           UCA0TXBUF               05CE 
    -------------------------------------------------------------------------
DATA16_AN
  Relative segment, address: 060E - 060E (0x1 bytes), align: 0
  Segment part 2. ROOT        Intra module refs:   USCI_A1_ISR
           ENTRY                   ADDRESS         REF BY
           =====                   =======         ======
           UCA1TXBUF               060E 
    -------------------------------------------------------------------------
DATA16_I
  Relative segment, address: 2404 - 2599 (0x196 bytes), align: 1
  Segment part 6.             Intra module refs:   USCI_A0_ISR
           ENTRY                   ADDRESS         REF BY
           =====                   =======         ======
           Usart1                  2404 
    -------------------------------------------------------------------------
DATA16_I
  Relative segment, address: 259A - 272F (0x196 bytes), align: 1
  Segment part 8.             Intra module refs:   USCI_A1_ISR
           ENTRY                   ADDRESS         REF BY
           =====                   =======         ======
           Usart2                  259A 
    -------------------------------------------------------------------------
<CODE> 1 (was CODE)
  Relative segment, address: 5246 - 5361 (0x11c bytes), align: 1
  Segment part 10.
           ENTRY                   ADDRESS         REF BY
           =====                   =======         ======
           U1_UCA0_Init            5246            main (main)
               calls direct
    -------------------------------------------------------------------------
<CODE> 1 (was CODE)
  Relative segment, address: 5362 - 547B (0x11a bytes), align: 1
  Segment part 12.
           ENTRY                   ADDRESS         REF BY
           =====                   =======         ======
           U2_UCA1_Init            5362            main (main)
               calls direct
    -------------------------------------------------------------------------
ISR_CODE
  Relative segment, address: 4808 - 4859 (0x52 bytes), align: 1
  Segment part 14.            Intra module refs:   USCI_A0_ISR::??INTVEC 112
           ENTRY                   ADDRESS         REF BY
           =====                   =======         ======
           USCI_A0_ISR             4808 
               interrupt function
               calls direct
    -------------------------------------------------------------------------
ISR_CODE
  Relative segment, address: 485A - 48AB (0x52 bytes), align: 1
  Segment part 15.            Intra module refs:   USCI_A1_ISR::??INTVEC 92
           ENTRY                   ADDRESS         REF BY
           =====                   =======         ======
           USCI_A1_ISR             485A 
               interrupt function
               calls direct
    -------------------------------------------------------------------------
INTVEC
  Common segment, address: FF80 - FFDD (0x5e bytes), align: 1
  Segment part 3. ROOT 
           ENTRY                   ADDRESS         REF BY
           =====                   =======         ======
           USCI_A1_ISR::??INTVEC 92
                                   FFDC 
    -------------------------------------------------------------------------
INTVEC
  Common segment, address: FF80 - FFF1 (0x72 bytes), align: 1
  Segment part 4. ROOT 
           ENTRY                   ADDRESS         REF BY
           =====                   =======         ======
           USCI_A0_ISR::??INTVEC 112
                                   FFF0 
    -------------------------------------------------------------------------
DATA16_ID
  Relative segment, address: 4420 - 45B5 (0x196 bytes), align: 1
  Segment part 7.             Intra module refs:   Usart1
    -------------------------------------------------------------------------
DATA16_ID
  Relative segment, address: 45B6 - 474B (0x196 bytes), align: 1
  Segment part 9.             Intra module refs:   Usart2

    *************************************************************************

  FILE NAME : G:\MSP430_and_F150_Textbook\附件目录\4.实验代码\实验2 气压计代码\Debug\Obj\usci_a_spi.r43
    *************************************************************************

  FILE NAME : G:\MSP430_and_F150_Textbook\附件目录\4.实验代码\实验2 气压计代码\Debug\Obj\usci_a_uart.r43
  PROGRAM MODULE, NAME : usci_a_uart

  SEGMENTS IN THE MODULE
  ======================
<CODE> 1 (was CODE)
  Relative segment, address: 5B48 - 5C11 (0xca bytes), align: 1
  Segment part 2.
           ENTRY                   ADDRESS         REF BY
           =====                   =======         ======
           USCI_A_UART_init        5B48            U1_UCA0_Init (usart)
                                                   U2_UCA1_Init (usart)
    -------------------------------------------------------------------------
<CODE> 1 (was CODE)
  Relative segment, address: 6918 - 6937 (0x20 bytes), align: 1
  Segment part 5.
           ENTRY                   ADDRESS         REF BY
           =====                   =======         ======
           USCI_A_UART_enableInterrupt
                                   6918            U1_UCA0_Init (usart)
                                                   U2_UCA1_Init (usart)
    -------------------------------------------------------------------------
<CODE> 1 (was CODE)
  Relative segment, address: 6ABE - 6AC7 (0xa bytes), align: 1
  Segment part 7.
           ENTRY                   ADDRESS         REF BY
           =====                   =======         ======
           USCI_A_UART_getInterruptStatus
                                   6ABE            USCI_A0_ISR (usart)
                                                   USCI_A1_ISR (usart)
    -------------------------------------------------------------------------
<CODE> 1 (was CODE)
  Relative segment, address: 6A84 - 6A8F (0xc bytes), align: 1
  Segment part 8.
           ENTRY                   ADDRESS         REF BY
           =====                   =======         ======
           USCI_A_UART_clearInterrupt
                                   6A84            USCI_A0_ISR (usart)
                                                   USCI_A1_ISR (usart)
    -------------------------------------------------------------------------
<CODE> 1 (was CODE)
  Relative segment, address: 6AD0 - 6AD7 (0x8 bytes), align: 1
  Segment part 9.
           ENTRY                   ADDRESS         REF BY
           =====                   =======         ======
           USCI_A_UART_enable      6AD0            U1_UCA0_Init (usart)
                                                   U2_UCA1_Init (usart)

    *************************************************************************

  FILE NAME : G:\MSP430_and_F150_Textbook\附件目录\4.实验代码\实验2 气压计代码\Debug\Obj\usci_b_i2c.r43
  PROGRAM MODULE, NAME : usci_b_i2c

  SEGMENTS IN THE MODULE
  ======================
<CODE> 1 (was CODE)
  Relative segment, address: 65B6 - 65F5 (0x40 bytes), align: 1
  Segment part 2.
           ENTRY                   ADDRESS         REF BY
           =====                   =======         ======
           USCI_B_I2C_initMaster   65B6            IIC_Init (iic)
               calls direct
    -------------------------------------------------------------------------
<CODE> 1 (was CODE)
  Relative segment, address: 6AC8 - 6ACF (0x8 bytes), align: 1
  Segment part 4.
           ENTRY                   ADDRESS         REF BY
           =====                   =======         ======
           USCI_B_I2C_enable       6AC8            IIC_Init (iic)
    -------------------------------------------------------------------------
<CODE> 1 (was CODE)
  Relative segment, address: 6A76 - 6A83 (0xe bytes), align: 1
  Segment part 6.
           ENTRY                   ADDRESS         REF BY
           =====                   =======         ======
           USCI_B_I2C_setSlaveAddress
                                   6A76            IICreadBytes (iic)
                                                   IICwriteBytes (iic)
    -------------------------------------------------------------------------
<CODE> 1 (was CODE)
  Relative segment, address: 6A9C - 6AA7 (0xc bytes), align: 1
  Segment part 16.
           ENTRY                   ADDRESS         REF BY
           =====                   =======         ======
           USCI_B_I2C_disableInterrupt
                                   6A9C            IIC_Init (iic)
    -------------------------------------------------------------------------
<CODE> 1 (was CODE)
  Relative segment, address: 6AA8 - 6AB3 (0xc bytes), align: 1
  Segment part 17.
           ENTRY                   ADDRESS         REF BY
           =====                   =======         ======
           USCI_B_I2C_clearInterrupt
                                   6AA8            IICwriteBytes (iic)
    -------------------------------------------------------------------------
<CODE> 1 (was CODE)
  Relative segment, address: 6AB4 - 6ABD (0xa bytes), align: 1
  Segment part 18.
           ENTRY                   ADDRESS         REF BY
           =====                   =======         ======
           USCI_B_I2C_getInterruptStatus
                                   6AB4            IICreadBytes (iic)
                                                   IICwriteBytes (iic)
    -------------------------------------------------------------------------
<CODE> 1 (was CODE)
  Relative segment, address: 63E4 - 643B (0x58 bytes), align: 1
  Segment part 22.
           ENTRY                   ADDRESS         REF BY
           =====                   =======         ======
           USCI_B_I2C_masterSendMultiByteStartWithTimeout
                                   63E4            IICreadBytes (iic)
                                                   IICwriteBytes (iic)
    -------------------------------------------------------------------------
<CODE> 1 (was CODE)
  Relative segment, address: 6576 - 65B5 (0x40 bytes), align: 1
  Segment part 24.
           ENTRY                   ADDRESS         REF BY
           =====                   =======         ======
           USCI_B_I2C_masterSendMultiByteNextWithTimeout
                                   6576            IICwriteBytes (iic)
    -------------------------------------------------------------------------
<CODE> 1 (was CODE)
  Relative segment, address: 6322 - 638B (0x6a bytes), align: 1
  Segment part 26.
           ENTRY                   ADDRESS         REF BY
           =====                   =======         ======
           USCI_B_I2C_masterSendMultiByteFinishWithTimeout
                                   6322            IICwriteBytes (iic)
    -------------------------------------------------------------------------
<CODE> 1 (was CODE)
  Relative segment, address: 6A56 - 6A65 (0x10 bytes), align: 1
  Segment part 29.
           ENTRY                   ADDRESS         REF BY
           =====                   =======         ======
           USCI_B_I2C_masterReceiveMultiByteStart
                                   6A56            IICreadBytes (iic)
    -------------------------------------------------------------------------
<CODE> 1 (was CODE)
  Relative segment, address: 6AD8 - 6ADF (0x8 bytes), align: 1
  Segment part 30.
           ENTRY                   ADDRESS         REF BY
           =====                   =======         ======
           USCI_B_I2C_masterReceiveMultiByteNext
                                   6AD8            IICreadBytes (iic)
    -------------------------------------------------------------------------
<CODE> 1 (was CODE)
  Relative segment, address: 638C - 63E3 (0x58 bytes), align: 1
  Segment part 32.
           ENTRY                   ADDRESS         REF BY
           =====                   =======         ======
           USCI_B_I2C_masterReceiveMultiByteFinishWithTimeout
                                   638C            IICreadBytes (iic)

    *************************************************************************

  FILE NAME : G:\MSP430_and_F150_Textbook\附件目录\4.实验代码\实验2 气压计代码\Debug\Obj\usci_b_spi.r43
    *************************************************************************

  FILE NAME : G:\MSP430_and_F150_Textbook\附件目录\4.实验代码\实验2 气压计代码\Debug\Obj\wdt_a.r43
  PROGRAM MODULE, NAME : wdt_a

  SEGMENTS IN THE MODULE
  ======================
<CODE> 1 (was CODE)
  Relative segment, address: 6958 - 6975 (0x1e bytes), align: 1
  Segment part 2.
           ENTRY                   ADDRESS         REF BY
           =====                   =======         ======
           WDT_A_hold              6958            System_Clock_Init (board)

    *************************************************************************

  FILE NAME : G:\IAR_For_MSP430\430\lib\dlib\dl430xlsfn.r43
  LIBRARY MODULE, NAME : ?__dbg_break

  SEGMENTS IN THE MODULE
  ======================
<CODE> 1 (was CODE)
  Relative segment, address: 6B02 - 6B03 (0x2 bytes), align: 1
  Segment part 2.
           ENTRY                   ADDRESS         REF BY
           =====                   =======         ======
           __DebugBreak            6B02            __exit (?__exit)

    -------------------------------------------------------------------------
  LIBRARY MODULE, NAME : ?__exit

  SEGMENTS IN THE MODULE
  ======================
<CODE> 1 (was CODE)
  Relative segment, address: 6A0C - 6A1F (0x14 bytes), align: 1
  Segment part 2.
           ENTRY                   ADDRESS         REF BY
           =====                   =======         ======
           __exit                  6A0C            Segment part 6 (?_exit)
                                                   _exit (?_exit)
               calls direct

    -------------------------------------------------------------------------
  LIBRARY MODULE, NAME : ?_exit

  SEGMENTS IN THE MODULE
  ======================
<CODE> 1 (was CODE)
  Relative segment, address: 6AF6, align: 1
  Segment part 0.
           ENTRY                   ADDRESS         REF BY
           =====                   =======         ======
           _exit                   6AF6            exit (?exit)
    -------------------------------------------------------------------------
<CODE> 1 (was CODE)
  Relative segment, address: 6AF6 - 6AF9 (0x4 bytes), align: 1
  Segment part 6.             Intra module refs:   _exit

    -------------------------------------------------------------------------
  LIBRARY MODULE, NAME : ?cstart

  SEGMENTS IN THE MODULE
  ======================
CSTACK
  Relative segment, address: 4360, align: 1
  Segment part 1.
    -------------------------------------------------------------------------
DATA16_Z
  Relative segment, address: 27A6, align: 1
  Segment part 2.
    -------------------------------------------------------------------------
DATA16_I
  Relative segment, address: 2730, align: 1
  Segment part 3.
    -------------------------------------------------------------------------
DATA16_ID
  Relative segment, address: 474C, align: 1
  Segment part 4.
    -------------------------------------------------------------------------
CODE_I
  Relative segment, address: 27B0, align: 1
  Segment part 5.
    -------------------------------------------------------------------------
CODE_ID
  Relative segment, address: 6B04, align: 1
  Segment part 6.
    -------------------------------------------------------------------------
DATA20_Z
  Relative segment, address: 27B0, align: 1
  Segment part 7.
    -------------------------------------------------------------------------
DATA20_I
  Relative segment, address: 27B0, align: 1
  Segment part 8.
    -------------------------------------------------------------------------
DATA20_ID
  Relative segment, address: 6B04, align: 1
  Segment part 9.
    -------------------------------------------------------------------------
DATA20_C
  Relative segment, address: 6B04, align: 1
  Segment part 10.
    -------------------------------------------------------------------------
DATA20_N
  Relative segment, address: 27B0, align: 1
  Segment part 12.
    -------------------------------------------------------------------------
CSTART
  Relative segment, address: 474C - 474F (0x4 bytes), align: 1
  Segment part 15.
           ENTRY                   ADDRESS         REF BY
           =====                   =======         ======
           __program_start         474C            ?reset_vector (?reset_vector)
                                                   Absolute parts (?ABS_ENTRY_MOD)
           ?cstart_begin           474C 
    -------------------------------------------------------------------------
CSTART
  Relative segment, address: 4750 - 475B (0xc bytes), align: 1
  Segment part 20.
           ENTRY                   ADDRESS         REF BY
           =====                   =======         ======
           ?cstart_init_zero       4750            Clk_ACLK (board)
                                                   Clk_MCLK (board)
                                                   Clk_SMCLK (board)
                                                   IICreadBytes::cnt (iic)
                                                   LED (led)
                                                   Loop_100_Hz_Flag (timer)
                                                   Loop_10_Hz_Flag (timer)
                                                   Loop_50_Hz_Flag (timer)
                                                   Loop_5_Hz_Flag (timer)
                                                   SPL06 (spl06)
                                                   System_ms_Cnt (timer)
                                                   TIMER0_B0_ISR::Loop_100_Hz_Cnt (timer)
                                                   TIMER0_B0_ISR::Loop_10_Hz_Cnt (timer)
                                                   TIMER0_B0_ISR::Loop_50_Hz_Cnt (timer)
                                                   TIMER0_B0_ISR::Loop_5_Hz_Cnt (timer)
                                                   alt_3 (spl06)
                                                   delay_ms::StartCntVal (timer)
                                                   height (spl06)
                                                   p_SPL06 (spl06)
                                                   pressure (spl06)
                                                   privateXT1ClockFrequency (ucs)
                                                   privateXT2ClockFrequency (ucs)
                                                   temperature (spl06)
    -------------------------------------------------------------------------
CSTART
  Relative segment, address: 475C - 476B (0x10 bytes), align: 1
  Segment part 21.
           ENTRY                   ADDRESS         REF BY
           =====                   =======         ======
           ?cstart_init_copy       475C            IIC_Delay_Cnt_Max (iic)
                                                   Usart1 (usart)
                                                   Usart2 (usart)
    -------------------------------------------------------------------------
CSTART
  Relative segment, address: 476C - 4773 (0x8 bytes), align: 1
  Segment part 27.            Intra module refs:   Segment part 15
           ENTRY                   ADDRESS         REF BY
           =====                   =======         ======
           ?cstart_call_main       476C 
           ?cstart_end             4774 
    -------------------------------------------------------------------------
CODE_ID
  Relative segment, address: 6B04, align: 1
  Segment part 28.            Intra module refs:   Segment part 5

    -------------------------------------------------------------------------
  LIBRARY MODULE, NAME : ?reset_vector

  SEGMENTS IN THE MODULE
  ======================
RESET
  Relative segment, address: FFFE - FFFF (0x2 bytes), align: 1
  Segment part 0.
           ENTRY                   ADDRESS         REF BY
           =====                   =======         ======
           ?reset_vector           FFFE            Segment part 15 (?cstart)

    -------------------------------------------------------------------------
  LIBRARY MODULE, NAME : ?exit

  SEGMENTS IN THE MODULE
  ======================
<CODE> 1 (was CODE)
  Relative segment, address: 6AFE - 6B01 (0x4 bytes), align: 1
  Segment part 2.
           ENTRY                   ADDRESS         REF BY
           =====                   =======         ======
           exit                    6AFE            Segment part 27 (?cstart)
               calls direct

    -------------------------------------------------------------------------
  LIBRARY MODULE, NAME : ?Mul32fHw32

  SEGMENTS IN THE MODULE
  ======================
<CODE> 1 (was CODE)
  Relative segment, address: 547C - 5591 (0x116 bytes), align: 1
  Segment part 0.
           ENTRY                   ADDRESS         REF BY
           =====                   =======         ======
           ?Mul32fHw32             547C            IIC_Init (iic)
                                                   SPL06_get_pressure (spl06)
                                                   SPL06_get_temperature (spl06)
                                                   U1_UCA0_Init (usart)
                                                   U2_UCA1_Init (usart)
                                                   user_SPL06_get (spl06)

    -------------------------------------------------------------------------
  LIBRARY MODULE, NAME : ?Cast32f32i

  SEGMENTS IN THE MODULE
  ======================
<CODE> 1 (was CODE)
  Relative segment, address: 5F7C - 5F8F (0x14 bytes), align: 1
  Segment part 0.
           ENTRY                   ADDRESS         REF BY
           =====                   =======         ======
           _Cast32sto32f           5F7C            SPL06_get_pressure (spl06)
                                                   SPL06_get_temperature (spl06)
    -------------------------------------------------------------------------
<CODE> 1 (was CODE)
  Relative segment, address: 5F90 - 600D (0x7e bytes), align: 1
  Segment part 1.             Intra module refs:   _Cast32sto32f
           ENTRY                   ADDRESS         REF BY
           =====                   =======         ======
           _Cast32uto32f           5F90            IIC_Init (iic)
                                                   U1_UCA0_Init (usart)
                                                   U2_UCA1_Init (usart)

    -------------------------------------------------------------------------
  LIBRARY MODULE, NAME : _Cast32fto32u

  SEGMENTS IN THE MODULE
  ======================
<CODE> 1 (was CODE)
  Relative segment, address: 6A90 - 6A9B (0xc bytes), align: 1
  Segment part 0.
           ENTRY                   ADDRESS         REF BY
           =====                   =======         ======
           _Cast32fto32u           6A90            IIC_Init (iic)

    -------------------------------------------------------------------------
  LIBRARY MODULE, NAME : _Cast32fto32s

  SEGMENTS IN THE MODULE
  ======================
<CODE> 1 (was CODE)
  Relative segment, address: 6706 - 6737 (0x32 bytes), align: 1
  Segment part 0.
           ENTRY                   ADDRESS         REF BY
           =====                   =======         ======
           _Cast32fto32s           6706            U1_UCA0_Init (usart)
                                                   U2_UCA1_Init (usart)

    -------------------------------------------------------------------------
  LIBRARY MODULE, NAME : ?FLT_Extract

  SEGMENTS IN THE MODULE
  ======================
<CODE> 1 (was CODE)
  Relative segment, address: 64E0 - 652B (0x4c bytes), align: 1
  Segment part 0.
           ENTRY                   ADDRESS         REF BY
           =====                   =======         ======
           ?FLT_Extract            64E0            _Cast32fto32s (_Cast32fto32s)
                                                   _Cast32fto32u (_Cast32fto32u)

    -------------------------------------------------------------------------
  LIBRARY MODULE, NAME : _Div32f

  SEGMENTS IN THE MODULE
  ======================
<CODE> 1 (was CODE)
  Relative segment, address: 5116 - 5245 (0x130 bytes), align: 1
  Segment part 0.
           ENTRY                   ADDRESS         REF BY
           =====                   =======         ======
           _Div32f                 5116            IIC_Init (iic)
                                                   SPL06_get_pressure (spl06)
                                                   SPL06_get_temperature (spl06)
                                                   U1_UCA0_Init (usart)
                                                   U2_UCA1_Init (usart)
                                                   user_SPL06_get (spl06)

    -------------------------------------------------------------------------
  LIBRARY MODULE, NAME : _Add32f

  SEGMENTS IN THE MODULE
  ======================
<CODE> 1 (was CODE)
  Relative segment, address: 4D0C - 4D0F (0x4 bytes), align: 1
  Segment part 0.
           ENTRY                   ADDRESS         REF BY
           =====                   =======         ======
           _Sub32f                 4D0C            U1_UCA0_Init (usart)
                                                   U2_UCA1_Init (usart)
                                                   user_SPL06_get (spl06)
    -------------------------------------------------------------------------
<CODE> 1 (was CODE)
  Relative segment, address: 4D10 - 4E6F (0x160 bytes), align: 1
  Segment part 1.             Intra module refs:   _Sub32f
           ENTRY                   ADDRESS         REF BY
           =====                   =======         ======
           _Add32f                 4D10            SPL06_get_pressure (spl06)
                                                   SPL06_get_temperature (spl06)
                                                   user_SPL06_get (spl06)

    -------------------------------------------------------------------------
  LIBRARY MODULE, NAME : ?DivMod816u

  SEGMENTS IN THE MODULE
  ======================
<CODE> 1 (was CODE)
  Relative segment, address: 69B2 - 69C9 (0x18 bytes), align: 1
  Segment part 1.
           ENTRY                   ADDRESS         REF BY
           =====                   =======         ======
           ?DivMod16u              69B2            ?DivMod16s (?DivMod816s)
                                                   privateUCSComputeCLKFrequency (ucs)

    -------------------------------------------------------------------------
  LIBRARY MODULE, NAME : ?DivMod816s

  SEGMENTS IN THE MODULE
  ======================
<CODE> 1 (was CODE)
  Relative segment, address: 6768 - 6797 (0x30 bytes), align: 1
  Segment part 1.
           ENTRY                   ADDRESS         REF BY
           =====                   =======         ======
           ?DivMod16s              6768            privateUCSComputeCLKFrequency (ucs)

    -------------------------------------------------------------------------
  LIBRARY MODULE, NAME : ?DivMod32u

  SEGMENTS IN THE MODULE
  ======================
<CODE> 1 (was CODE)
  Relative segment, address: 6738 - 6767 (0x30 bytes), align: 1
  Segment part 0.
           ENTRY                   ADDRESS         REF BY
           =====                   =======         ======
           ?DivMod32u              6738            USCI_B_I2C_initMaster (usci_b_i2c)
                                                   privateUCSComputeCLKFrequency (ucs)
                                                   privateUCSSourceClockFromDCO (ucs)

    -------------------------------------------------------------------------
  LIBRARY MODULE, NAME : ?memcpy

  SEGMENTS IN THE MODULE
  ======================
<CODE> 1 (was CODE)
  Relative segment, address: 6A44 - 6A55 (0x12 bytes), align: 1
  Segment part 2.
           ENTRY                   ADDRESS         REF BY
           =====                   =======         ======
           memcpy                  6A44            __data16_memcpy (?memzero)

    -------------------------------------------------------------------------
  LIBRARY MODULE, NAME : ?memzero

  SEGMENTS IN THE MODULE
  ======================
<CODE> 1 (was CODE)
  Relative segment, address: 6A66 - 6A75 (0x10 bytes), align: 1
  Segment part 2.
           ENTRY                   ADDRESS         REF BY
           =====                   =======         ======
           __data16_memzero        6A66            ?cstart_init_zero (?cstart)
    -------------------------------------------------------------------------
<CODE> 1 (was CODE)
  Relative segment, address: 6AFA - 6AFD (0x4 bytes), align: 1
  Segment part 3.
           ENTRY                   ADDRESS         REF BY
           =====                   =======         ======
           __data16_memcpy         6AFA            ?cstart_init_copy (?cstart)
               calls direct




                ****************************************
                *                                      *
                *      SEGMENTS IN ADDRESS ORDER       *
                *                                      *
                ****************************************


SEGMENT              SPACE    START ADDRESS   END ADDRESS     SIZE  TYPE  ALIGN
=======              =====    =============   ===========     ====  ====  =====
DATA16_AN                              05CE - 05CE               1   rel    0
                                       060E - 060E               1 
DATA16_I                               2400 - 272F             330   rel    1
DATA16_Z                               2730 - 27AE              7F   rel    1
DATA20_N                                  27B0                       rel    1
DATA20_Z                                  27B0                       rel    1
CODE_I                                    27B0                       rel    1
DATA20_I                                  27B0                       rel    1
CSTACK                                 4360 - 43FF              A0   rel    1
DATA16_C                               4400 - 441B              1C   rel    1
DATA16_ID                              441C - 474B             330   rel    1
CSTART                                 474C - 4773              28   rel    1
ISR_CODE                               4774 - 48AB             138   rel    1
<CODE> 1                               48AC - 6B03            2258   rel    1
DATA20_C                                  6B04                       rel    1
CODE_ID                                   6B04                       rel    1
DATA20_ID                                 6B04                       rel    1
INTVEC                                 FF80 - FFF7              78   com    1
RESET                                  FFFE - FFFF               2   rel    1

                ****************************************
                *                                      *
                *        END OF CROSS REFERENCE        *
                *                                      *
                ****************************************

 9 266 bytes of CODE  memory
 1 103 bytes of DATA  memory (+ 2 absolute )
   844 bytes of CONST memory

Errors: none
Warnings: none

